Archive member included to satisfy reference by file (symbol)

arch/arm/lib/lib.a(ashldi3.o)
                              lib/built-in.o (__aeabi_llsl)
arch/arm/lib/lib.a(lib1funcs.o)
                              arch/arm/mach-omap2/built-in.o (__aeabi_uidiv)
arch/arm/lib/lib.a(lshrdi3.o)
                              lib/built-in.o (__aeabi_llsr)
arch/arm/lib/lib.a(div0.o)    arch/arm/lib/lib.a(lib1funcs.o) (__div0)

Discarded input sections

 .data          0x0000000000000000        0x0 arch/arm/cpu/armv7/start.o
 .bss           0x0000000000000000        0x0 arch/arm/cpu/armv7/start.o
 .text.set_mpu_spreadspectrum
                0x0000000000000000       0xc4 arch/arm/mach-omap2/built-in.o
 .text.do_disable_clocks
                0x0000000000000000       0x6c arch/arm/mach-omap2/built-in.o
 .text.get_cpu_rev
                0x0000000000000000       0x10 arch/arm/mach-omap2/built-in.o
 .text.get_cpu_type
                0x0000000000000000       0x14 arch/arm/mach-omap2/built-in.o
 .text.get_device_type
                0x0000000000000000       0x14 arch/arm/mach-omap2/built-in.o
 .text.get_sysboot_value
                0x0000000000000000       0x14 arch/arm/mach-omap2/built-in.o
 .text.print_cpuinfo
                0x0000000000000000       0x8c arch/arm/mach-omap2/built-in.o
 .text.dram_init
                0x0000000000000000       0x1a arch/arm/mach-omap2/built-in.o
 .text.dram_init_banksize
                0x0000000000000000       0x18 arch/arm/mach-omap2/built-in.o
 .text.am33xx_spl_board_init
                0x0000000000000000       0x28 arch/arm/mach-omap2/built-in.o
 .text.arch_cpu_init_dm
                0x0000000000000000        0xa arch/arm/mach-omap2/built-in.o
 .text.clk_synthesizer_reg_write
                0x0000000000000000       0x38 arch/arm/mach-omap2/built-in.o
 .text.setup_clock_synthesizer
                0x0000000000000000       0x84 arch/arm/mach-omap2/built-in.o
 .text.warm_reset
                0x0000000000000000       0x1c arch/arm/mach-omap2/built-in.o
 .text.setup_warmreset_time
                0x0000000000000000        0x2 arch/arm/mach-omap2/built-in.o
 .text.get_ticks
                0x0000000000000000        0xa arch/arm/mach-omap2/built-in.o
 .text.get_tbclk
                0x0000000000000000        0x6 arch/arm/mach-omap2/built-in.o
 .text.do_cancel_out
                0x0000000000000000       0x44 arch/arm/mach-omap2/built-in.o
 .text.cancel_out
                0x0000000000000000       0x62 arch/arm/mach-omap2/built-in.o
 .text.omap_die_id
                0x0000000000000000        0xc arch/arm/mach-omap2/built-in.o
 .text.omap_die_id_serial
                0x0000000000000000       0x4c arch/arm/mach-omap2/built-in.o
 .text.omap_die_id_get_board_serial
                0x0000000000000000       0x24 arch/arm/mach-omap2/built-in.o
 .text.omap_die_id_usbethaddr
                0x0000000000000000       0x58 arch/arm/mach-omap2/built-in.o
 .text.omap_die_id_display
                0x0000000000000000       0x2c arch/arm/mach-omap2/built-in.o
 .text.enable_caches
                0x0000000000000000        0x4 arch/arm/mach-omap2/built-in.o
 .text.dram_bank_mmu_setup
                0x0000000000000000       0x26 arch/arm/mach-omap2/built-in.o
 .text.arm_init_domains
                0x0000000000000000       0x16 arch/arm/mach-omap2/built-in.o
 .text.fb_set_reboot_flag
                0x0000000000000000       0x24 arch/arm/mach-omap2/built-in.o
 .text.enable_gpmc_cs_config
                0x0000000000000000       0x6c arch/arm/mach-omap2/built-in.o
 .text.set_gpmc_cs0
                0x0000000000000000       0x18 arch/arm/mach-omap2/built-in.o
 .text.gpmc_init
                0x0000000000000000       0x50 arch/arm/mach-omap2/built-in.o
 .rodata.cmdpll
                0x0000000000000000        0x4 arch/arm/mach-omap2/built-in.o
 .rodata.cmper  0x0000000000000000        0x4 arch/arm/mach-omap2/built-in.o
 .rodata.cmrtc  0x0000000000000000        0x4 arch/arm/mach-omap2/built-in.o
 .rodata.dev_types
                0x0000000000000000       0x10 arch/arm/mach-omap2/built-in.o
 .data          0x0000000000000000        0x0 arch/arm/mach-omap2/built-in.o
 .data.cpu_revs_am43xx
                0x0000000000000000        0xc arch/arm/mach-omap2/built-in.o
 .data.cpu_revs
                0x0000000000000000        0xc arch/arm/mach-omap2/built-in.o
 .data.gpmc_cfg
                0x0000000000000000        0x4 arch/arm/mach-omap2/built-in.o
 .data.gpmc_cs0_flash
                0x0000000000000000        0x1 arch/arm/mach-omap2/built-in.o
 .bss           0x0000000000000000        0x0 arch/arm/mach-omap2/built-in.o
 .text.v7_outer_cache_enable
                0x0000000000000000        0x2 arch/arm/cpu/armv7/built-in.o
 .text.arm_init_before_mmu
                0x0000000000000000       0x22 arch/arm/cpu/armv7/built-in.o
 .text.v7_outer_cache_flush_range
                0x0000000000000000        0x2 arch/arm/cpu/armv7/built-in.o
 .text.flush_dcache_range
[...]
Memory Configuration

Name             Origin             Length             Attributes
.sram            0x00000000402f0400 0x000000000001b000
.sdram           0x0000000080a00000 0x0000000000080000
*default*        0x0000000000000000 0xffffffffffffffff

Linker script and memory map


.text           0x00000000402f0400     0xd2ac
                0x00000000402f0400                __start = .
 *(.vectors)
 .vectors       0x00000000402f0400       0x44 arch/arm/lib/built-in.o
                0x00000000402f0400                _start
                0x00000000402f0420                _undefined_instruction
                0x00000000402f0424                _software_interrupt
                0x00000000402f0428                _prefetch_abort
                0x00000000402f042c                _data_abort
                0x00000000402f0430                _not_used
                0x00000000402f0434                _irq
                0x00000000402f0438                _fiq
 arch/arm/cpu/armv7/start.o(.text)
 .text          0x00000000402f0444       0xb0 arch/arm/cpu/armv7/start.o
                0x00000000402f0444                reset
                0x00000000402f0448                save_boot_params_ret
                0x00000000402f0484                c_runtime_cpu_setup
                0x00000000402f0498                cpu_init_cp15
                0x00000000402f04ec                cpu_init_crit
 *(.text*)
 .text          0x00000000402f04f4       0x60 arch/arm/mach-omap2/built-in.o
                0x00000000402f04f4                save_boot_params
                0x00000000402f0500                omap_smc1
                0x00000000402f051c                omap_smc_sec
 .text.get_dpll_mpu_params
                0x00000000402f0554        0x8 arch/arm/mach-omap2/built-in.o
                0x00000000402f0554                get_dpll_mpu_params
 .text.get_dpll_core_params
                0x00000000402f055c        0x8 arch/arm/mach-omap2/built-in.o
                0x00000000402f055c                get_dpll_core_params
 .text.get_dpll_per_params
                0x00000000402f0564        0x8 arch/arm/mach-omap2/built-in.o
                0x00000000402f0564                get_dpll_per_params
 .text.setup_clocks_for_console
                0x00000000402f056c       0x7c arch/arm/mach-omap2/built-in.o
                0x00000000402f056c                setup_clocks_for_console
 .text.enable_basic_clocks
                0x00000000402f05e8       0x44 arch/arm/mach-omap2/built-in.o
                0x00000000402f05e8                enable_basic_clocks
 .text.do_setup_dpll
                0x00000000402f062c       0xe0 arch/arm/mach-omap2/built-in.o
                0x00000000402f062c                do_setup_dpll
 .text.do_enable_clocks
                0x00000000402f070c       0x64 arch/arm/mach-omap2/built-in.o
                0x00000000402f070c                do_enable_clocks
 .text.scale_vcores
                0x00000000402f0770        0x2 arch/arm/mach-omap2/built-in.o
                0x00000000402f0770                scale_vcores
 .text.setup_early_clocks
                0x00000000402f0772       0x12 arch/arm/mach-omap2/built-in.o
                0x00000000402f0772                setup_early_clocks
 .text.prcm_init
                0x00000000402f0784       0x5c arch/arm/mach-omap2/built-in.o
                0x00000000402f0784                prcm_init
 .text.am335x_get_efuse_mpu_max_freq
                0x00000000402f07e0       0x78 arch/arm/mach-omap2/built-in.o
                0x00000000402f07e0                am335x_get_efuse_mpu_max_freq
 .text.am335x_get_tps65910_mpu_vdd
                0x00000000402f0858       0x2a arch/arm/mach-omap2/built-in.o
                0x00000000402f0858                am335x_get_tps65910_mpu_vdd
 *fill*         0x00000000402f0882        0x2 
 .text.configure_mr
                0x00000000402f0884       0x8c arch/arm/mach-omap2/built-in.o
 .text.config_sdram_emif4d5
                0x00000000402f0910      0x160 arch/arm/mach-omap2/built-in.o
                0x00000000402f0910                config_sdram_emif4d5
 .text.config_sdram
                0x00000000402f0a70       0x80 arch/arm/mach-omap2/built-in.o
                0x00000000402f0a70                config_sdram
 .text.set_sdram_timings
                0x00000000402f0af0       0x3c arch/arm/mach-omap2/built-in.o
                0x00000000402f0af0                set_sdram_timings
 .text.config_ddr_phy
                0x00000000402f0b2c      0x1ac arch/arm/mach-omap2/built-in.o
                0x00000000402f0b2c                config_ddr_phy
 .text.config_cmd_ctrl
                0x00000000402f0cd8       0x44 arch/arm/mach-omap2/built-in.o
                0x00000000402f0cd8                config_cmd_ctrl
 .text.config_ddr_data
                0x00000000402f0d1c       0x4c arch/arm/mach-omap2/built-in.o
                0x00000000402f0d1c                config_ddr_data
 .text.config_io_ctrl
                0x00000000402f0d68       0x34 arch/arm/mach-omap2/built-in.o
                0x00000000402f0d68                config_io_ctrl
 .text.ddr_pll_config
                0x00000000402f0d9c        0x2 arch/arm/mach-omap2/built-in.o
                0x00000000402f0d9c                ddr_pll_config
 *fill*         0x00000000402f0d9e        0x2 
 .text.config_ddr
                0x00000000402f0da0       0xb4 arch/arm/mach-omap2/built-in.o
                0x00000000402f0da0                config_ddr
 .text.am33xx_otg0_set_phy_power
                0x00000000402f0e54       0x20 arch/arm/mach-omap2/built-in.o
 .text.am33xx_otg1_set_phy_power
                0x00000000402f0e74       0x20 arch/arm/mach-omap2/built-in.o
 .text.cpu_mmc_init
                0x00000000402f0e94       0x28 arch/arm/mach-omap2/built-in.o
                0x00000000402f0e94                cpu_mmc_init
 .text.arch_misc_init
                0x00000000402f0ebc       0x34 arch/arm/mach-omap2/built-in.o
                0x00000000402f0ebc                arch_misc_init
 .text.board_early_init_f
                0x00000000402f0ef0        0xe arch/arm/mach-omap2/built-in.o
                0x00000000402f0ef0                board_early_init_f
 .text.s_init   0x00000000402f0efe        0x2 arch/arm/mach-omap2/built-in.o
                0x00000000402f0efe                s_init
 .text.early_system_init
                0x00000000402f0f00       0x94 arch/arm/mach-omap2/built-in.o
                0x00000000402f0f00                early_system_init
 .text.board_init_f
                0x00000000402f0f94       0x12 arch/arm/mach-omap2/built-in.o
                0x00000000402f0f94                board_init_f
 .text.configure_module_pin_mux
                0x00000000402f0fa6       0x20 arch/arm/mach-omap2/built-in.o
                0x00000000402f0fa6                configure_module_pin_mux
 *fill*         0x00000000402f0fc6        0x2 
 .text.reset_cpu
                0x00000000402f0fc8       0x10 arch/arm/mach-omap2/built-in.o
                0x00000000402f0fc8                reset_cpu
 .text.timer_init
                0x00000000402f0fd8       0x18 arch/arm/mach-omap2/built-in.o
                0x00000000402f0fd8                timer_init
 .text.__udelay
                0x00000000402f0ff0       0x34 arch/arm/mach-omap2/built-in.o
                0x00000000402f0ff0                __udelay
 .text.get_timer_masked
                0x00000000402f1024       0x50 arch/arm/mach-omap2/built-in.o
                0x00000000402f1024                get_timer_masked
 .text.get_timer
                0x00000000402f1074        0xc arch/arm/mach-omap2/built-in.o
                0x00000000402f1074                get_timer
 .text.omap_sys_boot_device
                0x00000000402f1080        0x4 arch/arm/mach-omap2/built-in.o
                0x00000000402f1080                omap_sys_boot_device
 .text.save_omap_boot_params
                0x00000000402f1084       0x78 arch/arm/mach-omap2/built-in.o
                0x00000000402f1084                save_omap_boot_params
 .text.spl_boot_device
                0x00000000402f10fc        0x6 arch/arm/mach-omap2/built-in.o
                0x00000000402f10fc                spl_boot_device
 .text.spl_boot_mode
                0x00000000402f1102        0x6 arch/arm/mach-omap2/built-in.o
                0x00000000402f1102                spl_boot_mode
 .text.spl_board_init
                0x00000000402f1108       0x28 arch/arm/mach-omap2/built-in.o
                0x00000000402f1108                spl_board_init
 .text.jump_to_image_no_args
                0x00000000402f1130       0x10 arch/arm/mach-omap2/built-in.o
                0x00000000402f1130                jump_to_image_no_args
 .text          0x00000000402f1140      0x178 arch/arm/cpu/armv7/built-in.o
                0x00000000402f1140                __v7_flush_dcache_all
                0x00000000402f11dc                v7_flush_dcache_all
                0x00000000402f11ec                __v7_invalidate_dcache_all
                0x00000000402f1288                v7_invalidate_dcache_all
                0x00000000402f1298                lowlevel_init
 .text.invalidate_icache_all
                0x00000000402f12b8       0x14 arch/arm/cpu/armv7/built-in.o
                0x00000000402f12b8                invalidate_icache_all
 .text.v7_outer_cache_disable
                0x00000000402f12cc        0x2 arch/arm/cpu/armv7/built-in.o
                0x00000000402f12cc                v7_outer_cache_disable
 .text.v7_outer_cache_flush_all
                0x00000000402f12ce        0x2 arch/arm/cpu/armv7/built-in.o
                0x00000000402f12ce                v7_outer_cache_flush_all
 .text.flush_dcache_all
                0x00000000402f12d0        0xe arch/arm/cpu/armv7/built-in.o
                0x00000000402f12d0                flush_dcache_all
 .text.v7_outer_cache_inval_all
                0x00000000402f12de        0x2 arch/arm/cpu/armv7/built-in.o
                0x00000000402f12de                v7_outer_cache_inval_all
 .text.invalidate_dcache_all
                0x00000000402f12e0        0xe arch/arm/cpu/armv7/built-in.o
                0x00000000402f12e0                invalidate_dcache_all
 .text.cpu_cache_initialization
                0x00000000402f12ee        0x2 arch/arm/cpu/armv7/built-in.o
                0x00000000402f12ee                cpu_cache_initialization
 .text.cleanup_before_linux_select
                0x00000000402f12f0       0x38 arch/arm/cpu/armv7/built-in.o
                0x00000000402f12f0                cleanup_before_linux_select
 .text.cleanup_before_linux
                0x00000000402f1328        0x6 arch/arm/cpu/armv7/built-in.o
                0x00000000402f1328                cleanup_before_linux
 .text.wait_on_value
                0x00000000402f132e       0x1e arch/arm/cpu/armv7/built-in.o
                0x00000000402f132e                wait_on_value
 *fill*         0x00000000402f134c       0x14 
 .text          0x00000000402f1360      0x400 arch/arm/lib/built-in.o
                0x00000000402f1360                _main
                0x00000000402f13e0                memset
                0x00000000402f1480                memcpy
 .text.jump_to_image_linux
                0x00000000402f1760       0x14 arch/arm/lib/built-in.o
                0x00000000402f1760                jump_to_image_linux
 .text.bootz_setup
                0x00000000402f1774       0x6c arch/arm/lib/built-in.o
                0x00000000402f1774                bootz_setup
 .text.disable_interrupts
                0x00000000402f17e0        0x4 arch/arm/lib/built-in.o
                0x00000000402f17e0                disable_interrupts
 .text.reset_misc
                0x00000000402f17e4        0x2 arch/arm/lib/built-in.o
                0x00000000402f17e4                reset_misc
 *fill*         0x00000000402f17e6        0x2 
 .text.do_reset
                0x00000000402f17e8       0x28 arch/arm/lib/built-in.o
                0x00000000402f17e8                do_reset
 .text.cp_delay
                0x00000000402f1810       0x18 arch/arm/lib/built-in.o
 .text.cache_disable
                0x00000000402f1828       0x34 arch/arm/lib/built-in.o
 .text.icache_enable
                0x00000000402f185c       0x18 arch/arm/lib/built-in.o
                0x00000000402f185c                icache_enable
 .text.icache_disable
                0x00000000402f1874        0x8 arch/arm/lib/built-in.o
                0x00000000402f1874                icache_disable
 .text.dcache_disable
                0x00000000402f187c        0x6 arch/arm/lib/built-in.o
                0x00000000402f187c                dcache_disable
 *fill*         0x00000000402f1882        0x2 
 .text.enable_uart0_pin_mux
                0x00000000402f1884        0xc board/ti/am335x/built-in.o
                0x00000000402f1884                enable_uart0_pin_mux
 .text.enable_i2c0_pin_mux
                0x00000000402f1890        0xc board/ti/am335x/built-in.o
                0x00000000402f1890                enable_i2c0_pin_mux
 .text.enable_board_pin_mux
                0x00000000402f189c      0x144 board/ti/am335x/built-in.o
                0x00000000402f189c                enable_board_pin_mux
 .text.do_board_detect
                0x00000000402f19e0       0x30 board/ti/am335x/built-in.o
                0x00000000402f19e0                do_board_detect
 .text.default_serial_console
                0x00000000402f1a10       0x34 board/ti/am335x/built-in.o
                0x00000000402f1a10                default_serial_console
 .text.spl_start_uboot
                0x00000000402f1a44       0x30 board/ti/am335x/built-in.o
                0x00000000402f1a44                spl_start_uboot
 .text.am33xx_spl_board_init
                0x00000000402f1a74      0x16c board/ti/am335x/built-in.o
                0x00000000402f1a74                am33xx_spl_board_init
 .text.get_dpll_ddr_params
                0x00000000402f1be0       0x78 board/ti/am335x/built-in.o
                0x00000000402f1be0                get_dpll_ddr_params
 .text.set_uart_mux_conf
                0x00000000402f1c58        0x4 board/ti/am335x/built-in.o
                0x00000000402f1c58                set_uart_mux_conf
 .text.set_mux_conf_regs
                0x00000000402f1c5c        0x4 board/ti/am335x/built-in.o
                0x00000000402f1c5c                set_mux_conf_regs
 .text.sdram_init
                0x00000000402f1c60      0x164 board/ti/am335x/built-in.o
                0x00000000402f1c60                sdram_init
 .text.ti_eeprom_string_cleanup
                0x00000000402f1dc4       0x24 board/ti/common/built-in.o
 .text.gpi2c_init
                0x00000000402f1de8        0x2 board/ti/common/built-in.o
                0x00000000402f1de8                gpi2c_init
 .text.ti_i2c_eeprom_get
                0x00000000402f1dea       0x94 board/ti/common/built-in.o
 *fill*         0x00000000402f1e7e        0x2 
 .text.ti_i2c_eeprom_am_get
                0x00000000402f1e80       0xbc board/ti/common/built-in.o
                0x00000000402f1e80                ti_i2c_eeprom_am_get
 .text.board_ti_is
                0x00000000402f1f3c       0x30 board/ti/common/built-in.o
                0x00000000402f1f3c                board_ti_is
 .text.board_ti_get_rev
                0x00000000402f1f6c        0x8 board/ti/common/built-in.o
                0x00000000402f1f6c                board_ti_get_rev
 .text.board_ti_get_config
                0x00000000402f1f74        0x8 board/ti/common/built-in.o
                0x00000000402f1f74                board_ti_get_config
 .text.show_boot_progress
                0x00000000402f1f7c        0x2 common/spl/built-in.o
                0x00000000402f1f7c                show_boot_progress
 .text.spl_board_prepare_for_linux
                0x00000000402f1f7e        0x2 common/spl/built-in.o
                0x00000000402f1f7e                spl_board_prepare_for_linux
 .text.spl_board_prepare_for_boot
                0x00000000402f1f80        0x2 common/spl/built-in.o
                0x00000000402f1f80                spl_board_prepare_for_boot
 *fill*         0x00000000402f1f82        0x2 
 .text.spl_set_header_raw_uboot
                0x00000000402f1f84       0x20 common/spl/built-in.o
                0x00000000402f1f84                spl_set_header_raw_uboot
 .text.spl_parse_image_header
                0x00000000402f1fa4       0x78 common/spl/built-in.o
                0x00000000402f1fa4                spl_parse_image_header
 .text.spl_init
                0x00000000402f201c       0x26 common/spl/built-in.o
                0x00000000402f201c                spl_init
 .text.board_boot_order
                0x00000000402f2042        0xc common/spl/built-in.o
                0x00000000402f2042                board_boot_order
 *fill*         0x00000000402f204e        0x2 
 .text.board_init_r
                0x00000000402f2050       0xd8 common/spl/built-in.o
                0x00000000402f2050                board_init_r
 .text.preloader_console_init
                0x00000000402f2128       0x2c common/spl/built-in.o
                0x00000000402f2128                preloader_console_init
 .text.spl_relocate_stack_gd
                0x00000000402f2154       0x18 common/spl/built-in.o
                0x00000000402f2154                spl_relocate_stack_gd
 .text.spl_ymodem_load_image
                0x00000000402f216c       0xa0 common/spl/built-in.o
 .text.getcymodem
                0x00000000402f220c       0x16 common/spl/built-in.o
 *fill*         0x00000000402f2222        0x2 
 .text.mmc_load_image_raw_sector
                0x00000000402f2224       0x68 common/spl/built-in.o
 .text.spl_mmc_get_device_index
                0x00000000402f228c       0x28 common/spl/built-in.o
                0x00000000402f228c                spl_mmc_get_device_index
 .text.spl_mmc_load_image
                0x00000000402f22b4      0x174 common/spl/built-in.o
                0x00000000402f22b4                spl_mmc_load_image
 .text.spl_load_image_fat
                0x00000000402f2428       0x80 common/spl/built-in.o
                0x00000000402f2428                spl_load_image_fat
 .text.spl_load_image_fat_os
                0x00000000402f24a8       0xe8 common/spl/built-in.o
                0x00000000402f24a8                spl_load_image_fat_os
 .text.spl_load_image_ext
                0x00000000402f2590       0xdc common/spl/built-in.o
                0x00000000402f2590                spl_load_image_ext
 .text.spl_load_image_ext_os
                0x00000000402f266c      0x130 common/spl/built-in.o
                0x00000000402f266c                spl_load_image_ext_os
 .text.board_init_f_alloc_reserve
                0x00000000402f279c        0xa common/init/built-in.o
                0x00000000402f279c                board_init_f_alloc_reserve
 .text.board_init_f_init_reserve
                0x00000000402f27a6       0x14 common/init/built-in.o
                0x00000000402f27a6                board_init_f_init_reserve
 .text.CYGACC_COMM_IF_GETC_TIMEOUT.isra.0
                0x00000000402f27ba       0x2e common/built-in.o
 .text.xyzModem_flush
                0x00000000402f27e8       0x14 common/built-in.o
 .text.xyzModem_get_hdr
                0x00000000402f27fc      0x170 common/built-in.o
 .text.xyzModem_stream_open
                0x00000000402f296c      0x17c common/built-in.o
                0x00000000402f296c                xyzModem_stream_open
 .text.xyzModem_stream_read
                0x00000000402f2ae8      0x1c0 common/built-in.o
                0x00000000402f2ae8                xyzModem_stream_read
 .text.xyzModem_stream_close
                0x00000000402f2ca8       0x40 common/built-in.o
                0x00000000402f2ca8                xyzModem_stream_close
 .text.xyzModem_stream_terminate
                0x00000000402f2ce8       0x68 common/built-in.o
                0x00000000402f2ce8                xyzModem_stream_terminate
 .text.xyzModem_error
                0x00000000402f2d50       0x18 common/built-in.o
                0x00000000402f2d50                xyzModem_error
 .text.regex_callback
                0x00000000402f2d68       0xd0 common/built-in.o
 .text.env_attr_walk
                0x00000000402f2e38       0xbe common/built-in.o
                0x00000000402f2e38                env_attr_walk
 *fill*         0x00000000402f2ef6        0x2 
 .text.env_attr_lookup
                0x00000000402f2ef8       0x50 common/built-in.o
                0x00000000402f2ef8                env_attr_lookup
 .text.skip_num
                0x00000000402f2f48       0x44 common/built-in.o
 .text.env_flags_parse_vartype
                0x00000000402f2f8c       0x30 common/built-in.o
                0x00000000402f2f8c                env_flags_parse_vartype
 .text.env_flags_parse_varaccess
                0x00000000402f2fbc       0x38 common/built-in.o
                0x00000000402f2fbc                env_flags_parse_varaccess
 .text.eth_validate_ethaddr_str
                0x00000000402f2ff4       0x50 common/built-in.o
                0x00000000402f2ff4                eth_validate_ethaddr_str
 .text.env_flags_init
                0x00000000402f3044       0x90 common/built-in.o
                0x00000000402f3044                env_flags_init
 .text.env_flags_validate
                0x00000000402f30d4      0x1c0 common/built-in.o
                0x00000000402f30d4                env_flags_validate
 .text.env_callback_init
                0x00000000402f3294       0xa4 common/built-in.o
                0x00000000402f3294                env_callback_init
 .text.mmc_get_env_addr
                0x00000000402f3338       0x12 common/built-in.o
                0x00000000402f3338                mmc_get_env_addr
 .text.mmc_get_env_dev
                0x00000000402f334a        0x4 common/built-in.o
                0x00000000402f334a                mmc_get_env_dev
 *fill*         0x00000000402f334e        0x2 
 .text.fini_mmc_for_env.isra.0
                0x00000000402f3350       0x1c common/built-in.o
 .text.env_init
                0x00000000402f336c       0x14 common/built-in.o
                0x00000000402f336c                env_init
 .text.mmc_get_env_part
                0x00000000402f3380        0x4 common/built-in.o
                0x00000000402f3380                mmc_get_env_part
 .text.init_mmc_for_env
                0x00000000402f3384       0x58 common/built-in.o
 .text.env_relocate_spec
                0x00000000402f33dc      0x1e0 common/built-in.o
                0x00000000402f33dc                env_relocate_spec
 .text.env_get_char_spec
                0x00000000402f35bc        0x8 common/built-in.o
                0x00000000402f35bc                env_get_char_spec
 .text.env_get_addr
                0x00000000402f35c4       0x18 common/built-in.o
                0x00000000402f35c4                env_get_addr
 .text.env_get_char_memory
                0x00000000402f35dc        0xa common/built-in.o
                0x00000000402f35dc                env_get_char_memory
 *fill*         0x00000000402f35e6        0x2 
 .text.env_get_char
                0x00000000402f35e8       0x20 common/built-in.o
                0x00000000402f35e8                env_get_char
 .text.getenv_yesno
                0x00000000402f3608       0x2a common/built-in.o
                0x00000000402f3608                getenv_yesno
 .text.getenv_default
                0x00000000402f3632       0x2a common/built-in.o
                0x00000000402f3632                getenv_default
 .text.set_default_env
                0x00000000402f365c       0x8c common/built-in.o
                0x00000000402f365c                set_default_env
 .text.env_import
                0x00000000402f36e8       0x94 common/built-in.o
                0x00000000402f36e8                env_import
 .text.putc     0x00000000402f377c       0x24 common/built-in.o
                0x00000000402f377c                putc
 .text.puts     0x00000000402f37a0       0x24 common/built-in.o
                0x00000000402f37a0                puts
 .text.fgetc    0x00000000402f37c4       0x18 common/built-in.o
                0x00000000402f37c4                fgetc
 .text.getc     0x00000000402f37dc       0x1a common/built-in.o
                0x00000000402f37dc                getc
 *fill*         0x00000000402f37f6        0x2 
 .text.ftstc    0x00000000402f37f8       0x18 common/built-in.o
                0x00000000402f37f8                ftstc
 .text.tstc     0x00000000402f3810       0x1a common/built-in.o
                0x00000000402f3810                tstc
 *fill*         0x00000000402f382a        0x2 
 .text.sbrk     0x00000000402f382c       0x44 common/built-in.o
                0x00000000402f382c                sbrk
 .text.mem_malloc_init
                0x00000000402f3870       0x28 common/built-in.o
                0x00000000402f3870                mem_malloc_init
 .text.malloc_trim
                0x00000000402f3898       0x80 common/built-in.o
                0x00000000402f3898                malloc_trim
 .text.free     0x00000000402f3918      0x168 common/built-in.o
                0x00000000402f3918                free
 .text.malloc   0x00000000402f3a80      0x3fc common/built-in.o
                0x00000000402f3a80                malloc
 .text.calloc   0x00000000402f3e7c       0xbc common/built-in.o
                0x00000000402f3e7c                calloc
 .text.memalign
                0x00000000402f3f38      0x10e common/built-in.o
                0x00000000402f3f38                memalign
 .text.malloc_simple
                0x00000000402f4046       0x28 common/built-in.o
                0x00000000402f4046                malloc_simple
 .text.envmatch
                0x00000000402f406e       0x3c cmd/built-in.o
                0x00000000402f406e                envmatch
 *fill*         0x00000000402f40aa        0x2 
 .text.getenv_f
                0x00000000402f40ac       0x84 cmd/built-in.o
                0x00000000402f40ac                getenv_f
 .text.getenv   0x00000000402f4130       0x54 cmd/built-in.o
                0x00000000402f4130                getenv
 .text.crc16_ccitt
                0x00000000402f4184       0x28 lib/built-in.o
                0x00000000402f4184                crc16_ccitt
 .text._hdelete.isra.0
                0x00000000402f41ac       0x30 lib/built-in.o
 .text.drop_var_from_set.part.1
                0x00000000402f41dc       0x30 lib/built-in.o
 .text.hcreate_r
                0x00000000402f420c       0x60 lib/built-in.o
                0x00000000402f420c                hcreate_r
 .text.hdestroy_r
                0x00000000402f426c       0x48 lib/built-in.o
                0x00000000402f426c                hdestroy_r
 .text.hsearch_r
                0x00000000402f42b4      0x2c4 lib/built-in.o
                0x00000000402f42b4                hsearch_r
 .text.hdelete_r
                0x00000000402f4578       0x80 lib/built-in.o
                0x00000000402f4578                hdelete_r
 .text.himport_r
                0x00000000402f45f8      0x250 lib/built-in.o
                0x00000000402f45f8                himport_r
 .text.crc32_no_comp
                0x00000000402f4848       0x8c lib/built-in.o
                0x00000000402f4848                crc32_no_comp
 .text.crc32    0x00000000402f48d4        0xc lib/built-in.o
                0x00000000402f48d4                crc32
 .text.__div64_32
                0x00000000402f48e0       0x7e lib/built-in.o
                0x00000000402f48e0                __div64_32
 *fill*         0x00000000402f495e        0x2 
 .text.hang     0x00000000402f4960       0x18 lib/built-in.o
                0x00000000402f4960                hang
 .text.kmalloc  0x00000000402f4978       0x20 lib/built-in.o
                0x00000000402f4978                kmalloc
 .text.skip_spaces
                0x00000000402f4998       0x18 lib/built-in.o
                0x00000000402f4998                skip_spaces
 .text.strim    0x00000000402f49b0       0x34 lib/built-in.o
                0x00000000402f49b0                strim
 .text.emit     0x00000000402f49e4       0x20 lib/built-in.o
 .text.store_char_in_data
                0x00000000402f4a04       0x24 lib/built-in.o
 .text.get_escape_char
                0x00000000402f4a28       0x48 lib/built-in.o
 .text.relocate
                0x00000000402f4a70       0x2a lib/built-in.o
 *fill*         0x00000000402f4a9a        0x2 
 .text.match    0x00000000402f4a9c      0x260 lib/built-in.o
 .text.loop_greedy
                0x00000000402f4cfc       0x56 lib/built-in.o
 .text.loop_non_greedy
                0x00000000402f4d52       0x4c lib/built-in.o
 *fill*         0x00000000402f4d9e        0x2 
 .text.quantifier
                0x00000000402f4da0       0x5c lib/built-in.o
 .text.fixup_branch
                0x00000000402f4dfc       0x28 lib/built-in.o
 .text.compile  0x00000000402f4e24      0x230 lib/built-in.o
 .text.slre_compile
                0x00000000402f5054       0x90 lib/built-in.o
                0x00000000402f5054                slre_compile
 .text.slre_match
                0x00000000402f50e4       0x58 lib/built-in.o
                0x00000000402f50e4                slre_match
 .text.strcpy   0x00000000402f513c       0x10 lib/built-in.o
                0x00000000402f513c                strcpy
 .text.strncpy  0x00000000402f514c       0x18 lib/built-in.o
                0x00000000402f514c                strncpy
 .text.strcat   0x00000000402f5164       0x1e lib/built-in.o
                0x00000000402f5164                strcat
 .text.strcmp   0x00000000402f5182       0x16 lib/built-in.o
                0x00000000402f5182                strcmp
 .text.strncmp  0x00000000402f5198       0x22 lib/built-in.o
                0x00000000402f5198                strncmp
 .text.strchr   0x00000000402f51ba       0x18 lib/built-in.o
                0x00000000402f51ba                strchr
 .text.strlen   0x00000000402f51d2       0x10 lib/built-in.o
                0x00000000402f51d2                strlen
 .text.strlcpy  0x00000000402f51e2       0x2e lib/built-in.o
                0x00000000402f51e2                strlcpy
 .text.strnlen  0x00000000402f5210       0x18 lib/built-in.o
                0x00000000402f5210                strnlen
 .text.strdup   0x00000000402f5228       0x22 lib/built-in.o
                0x00000000402f5228                strdup
 .text.memmove  0x00000000402f524a       0x32 lib/built-in.o
                0x00000000402f524a                memmove
 .text.memcmp   0x00000000402f527c       0x1e lib/built-in.o
                0x00000000402f527c                memcmp
 *fill*         0x00000000402f529a        0x2 
 .text.udelay   0x00000000402f529c       0x24 lib/built-in.o
                0x00000000402f529c                udelay
 .text.uuid_bin_to_str
                0x00000000402f52c0       0x78 lib/built-in.o
                0x00000000402f52c0                uuid_bin_to_str
 .text.put_dec_trunc
                0x00000000402f5338       0x9a lib/built-in.o
 *fill*         0x00000000402f53d2        0x6 
 .text.put_dec  0x00000000402f53d8      0x130 lib/built-in.o
 .text.number   0x00000000402f5508      0x1e8 lib/built-in.o
 .text.string   0x00000000402f56f0       0x78 lib/built-in.o
 .text.vsnprintf_internal
                0x00000000402f5768      0x460 lib/built-in.o
 .text.vscnprintf
                0x00000000402f5bc8       0x16 lib/built-in.o
                0x00000000402f5bc8                vscnprintf
 .text.snprintf
                0x00000000402f5bde       0x1a lib/built-in.o
                0x00000000402f5bde                snprintf
 .text.vsprintf
                0x00000000402f5bf8        0xc lib/built-in.o
                0x00000000402f5bf8                vsprintf
 .text.sprintf  0x00000000402f5c04       0x1a lib/built-in.o
                0x00000000402f5c04                sprintf
 .text.printf   0x00000000402f5c1e       0x32 lib/built-in.o
                0x00000000402f5c1e                printf
 .text.vprintf  0x00000000402f5c50       0x24 lib/built-in.o
                0x00000000402f5c50                vprintf
 .text.panic_finish
                0x00000000402f5c74       0x20 lib/built-in.o
 .text.panic    0x00000000402f5c94       0x14 lib/built-in.o
                0x00000000402f5c94                panic
 .text.part_init
                0x00000000402f5ca8       0x2c disk/built-in.o
                0x00000000402f5ca8                part_init
 .text.part_get_info
                0x00000000402f5cd4       0x44 disk/built-in.o
                0x00000000402f5cd4                part_get_info
 .text.part_set_generic_name
                0x00000000402f5d18       0x34 disk/built-in.o
                0x00000000402f5d18                part_set_generic_name
 .text.test_block_type
                0x00000000402f5d4c       0x50 disk/built-in.o
 .text.part_test_dos
                0x00000000402f5d9c       0x40 disk/built-in.o
 .text.part_get_info_extended
                0x00000000402f5ddc      0x1ec disk/built-in.o
 .text.part_get_info_dos
                0x00000000402f5fc8       0x16 disk/built-in.o
                0x00000000402f5fc8                part_get_info_dos
 .text.iso_dread
                0x00000000402f5fde       0x22 disk/built-in.o
                0x00000000402f5fde                iso_dread
 .text.part_get_info_iso_verb
                0x00000000402f6000      0x280 disk/built-in.o
                0x00000000402f6000                part_get_info_iso_verb
 .text.part_test_iso
                0x00000000402f6280       0x14 disk/built-in.o
 .text.part_print_iso
                0x00000000402f6294       0x60 disk/built-in.o
 .text.part_get_info_iso
                0x00000000402f62f4        0x6 disk/built-in.o
 *fill*         0x00000000402f62fa        0x2 
 .text.print_efiname
                0x00000000402f62fc       0x38 disk/built-in.o
 .text.part_test_efi
                0x00000000402f6334       0x76 disk/built-in.o
 *fill*         0x00000000402f63aa        0x2 
 .text.validate_gpt_entries
                0x00000000402f63ac       0x80 disk/built-in.o
 *fill*         0x00000000402f642c        0x4 
 .text.validate_gpt_header
                0x00000000402f6430      0x1a0 disk/built-in.o
 .text.is_gpt_valid
                0x00000000402f65d0      0x138 disk/built-in.o
 .text.is_pte_valid
                0x00000000402f6708       0x38 disk/built-in.o
 .text.part_get_info_efi
                0x00000000402f6740      0x174 disk/built-in.o
                0x00000000402f6740                part_get_info_efi
 .text.i2c_get_adapter
                0x00000000402f68b4       0x40 drivers/built-in.o
                0x00000000402f68b4                i2c_get_adapter
 .text.i2c_init_bus
                0x00000000402f68f4       0x64 drivers/built-in.o
 .text.i2c_set_bus_num
                0x00000000402f6958       0x80 drivers/built-in.o
                0x00000000402f6958                i2c_set_bus_num
 .text.i2c_probe
                0x00000000402f69d8       0x20 drivers/built-in.o
                0x00000000402f69d8                i2c_probe
 .text.i2c_read
                0x00000000402f69f8       0x34 drivers/built-in.o
                0x00000000402f69f8                i2c_read
 .text.i2c_write
                0x00000000402f6a2c       0x34 drivers/built-in.o
                0x00000000402f6a2c                i2c_write
 .text.i2c_init
                0x00000000402f6a60        0xe drivers/built-in.o
                0x00000000402f6a60                i2c_init
 *fill*         0x00000000402f6a6e        0x2 
 .text.__omap24_i2c_setspeed
                0x00000000402f6a70       0xfc drivers/built-in.o
 .text.wait_for_bb
                0x00000000402f6b6c       0x54 drivers/built-in.o
 .text.wait_for_event
                0x00000000402f6bc0       0x50 drivers/built-in.o
 .text.flush_fifo
                0x00000000402f6c10       0x2a drivers/built-in.o
 *fill*         0x00000000402f6c3a        0x2 
 .text.omap24_get_base.isra.0
                0x00000000402f6c3c       0x34 drivers/built-in.o
 .text.omap24_i2c_setspeed
                0x00000000402f6c70       0x40 drivers/built-in.o
 .text.omap24_i2c_write
                0x00000000402f6cb0      0x194 drivers/built-in.o
 .text.omap24_i2c_read
                0x00000000402f6e44      0x178 drivers/built-in.o
 .text.omap24_i2c_probe
                0x00000000402f6fbc       0xac drivers/built-in.o
 .text.omap24_i2c_init
                0x00000000402f7068      0x19c drivers/built-in.o
 .text.check_gpio
                0x00000000402f7204       0x1c drivers/built-in.o
 .text.gpio_is_valid
                0x00000000402f7220        0xa drivers/built-in.o
                0x00000000402f7220                gpio_is_valid
 *fill*         0x00000000402f722a        0x2 
 .text.gpio_get_value
                0x00000000402f722c       0x48 drivers/built-in.o
                0x00000000402f722c                gpio_get_value
 .text.gpio_direction_input
                0x00000000402f7274       0x38 drivers/built-in.o
                0x00000000402f7274                gpio_direction_input
 .text.gpio_direction_output
                0x00000000402f72ac       0x48 drivers/built-in.o
                0x00000000402f72ac                gpio_direction_output
 .text.gpio_request
                0x00000000402f72f4        0xa drivers/built-in.o
                0x00000000402f72f4                gpio_request
 .text.mmc_berase
                0x00000000402f72fe        0x4 drivers/built-in.o
 .text.mmc_bwrite
                0x00000000402f7302        0x4 drivers/built-in.o
 *fill*         0x00000000402f7306        0x2 
 .text.find_mmc_device
                0x00000000402f7308       0x30 drivers/built-in.o
                0x00000000402f7308                find_mmc_device
 .text.mmc_select_hwpartp
                0x00000000402f7338       0x36 drivers/built-in.o
 .text.mmc_get_dev
                0x00000000402f736e       0x1e drivers/built-in.o
 .text.mmc_get_next_devnum
                0x00000000402f738c       0x10 drivers/built-in.o
                0x00000000402f738c                mmc_get_next_devnum
 .text.mmc_get_blk_desc
                0x00000000402f739c        0x4 drivers/built-in.o
                0x00000000402f739c                mmc_get_blk_desc
 .text.mmc_do_preinit
                0x00000000402f73a0       0x24 drivers/built-in.o
                0x00000000402f73a0                mmc_do_preinit
 .text.mmc_list_init
                0x00000000402f73c4       0x18 drivers/built-in.o
                0x00000000402f73c4                mmc_list_init
 .text.mmc_list_add
                0x00000000402f73dc       0x14 drivers/built-in.o
                0x00000000402f73dc                mmc_list_add
 .text.mmc_create
                0x00000000402f73f0       0x84 drivers/built-in.o
                0x00000000402f73f0                mmc_create
 .text.mmc_set_ios
                0x00000000402f7474        0xc drivers/built-in.o
 .text.mmc_set_capacity
                0x00000000402f7480       0x6e drivers/built-in.o
 .text.board_mmc_getcd
                0x00000000402f74ee        0x6 drivers/built-in.o
                0x00000000402f74ee                board_mmc_getcd
 .text.mmc_send_cmd
                0x00000000402f74f4        0x8 drivers/built-in.o
                0x00000000402f74f4                mmc_send_cmd
 .text.mmc_send_ext_csd
                0x00000000402f74fc       0x2e drivers/built-in.o
 .text.mmc_go_idle
                0x00000000402f752a       0x32 drivers/built-in.o
 .text.mmc_send_op_cond_iter
                0x00000000402f755c       0x44 drivers/built-in.o
 .text.mmc_send_status
                0x00000000402f75a0       0x84 drivers/built-in.o
                0x00000000402f75a0                mmc_send_status
 .text.mmc_set_blocklen
                0x00000000402f7624       0x26 drivers/built-in.o
                0x00000000402f7624                mmc_set_blocklen
 *fill*         0x00000000402f764a        0x2 
 .text.mmc_bread
                0x00000000402f764c       0xd8 drivers/built-in.o
                0x00000000402f764c                mmc_bread
 .text.mmc_switch
                0x00000000402f7724       0x3e drivers/built-in.o
                0x00000000402f7724                mmc_switch
 .text.mmc_switch_part
                0x00000000402f7762       0x40 drivers/built-in.o
                0x00000000402f7762                mmc_switch_part
 .text.mmc_getcd
                0x00000000402f77a2       0x20 drivers/built-in.o
                0x00000000402f77a2                mmc_getcd
 .text.mmc_set_clock
                0x00000000402f77c2       0x1c drivers/built-in.o
                0x00000000402f77c2                mmc_set_clock
 *fill*         0x00000000402f77de        0x2 
 .text.mmc_startup
                0x00000000402f77e0      0x93c drivers/built-in.o
 .text.board_mmc_power_init
                0x00000000402f811c        0x2 drivers/built-in.o
                0x00000000402f811c                board_mmc_power_init
 *fill*         0x00000000402f811e        0x2 
 .text.mmc_start_init
                0x00000000402f8120      0x184 drivers/built-in.o
                0x00000000402f8120                mmc_start_init
 .text.mmc_init
                0x00000000402f82a4       0xc8 drivers/built-in.o
                0x00000000402f82a4                mmc_init
 .text.board_mmc_init
                0x00000000402f836c        0x6 drivers/built-in.o
                0x00000000402f836c                board_mmc_init
 *fill*         0x00000000402f8372        0x2 
 .text.mmc_initialize
                0x00000000402f8374       0x30 drivers/built-in.o
                0x00000000402f8374                mmc_initialize
 .text.omap_hsmmc_set_ios
                0x00000000402f83a4      0x118 drivers/built-in.o
 .text.mmc_reset_controller_fsm
                0x00000000402f84bc       0x80 drivers/built-in.o
 .text.omap_hsmmc_getwp
                0x00000000402f853c       0x10 drivers/built-in.o
 .text.omap_hsmmc_getcd
                0x00000000402f854c       0x1a drivers/built-in.o
 *fill*         0x00000000402f8566        0x2 
 .text.omap_hsmmc_send_cmd
                0x00000000402f8568      0x330 drivers/built-in.o
 .text.omap_mmc_setup_gpio_in
                0x00000000402f8898       0x2a drivers/built-in.o
 *fill*         0x00000000402f88c2        0x2 
 .text.mmc_init_stream
                0x00000000402f88c4       0xa4 drivers/built-in.o
                0x00000000402f88c4                mmc_init_stream
 .text.omap_hsmmc_init_setup
                0x00000000402f8968      0x164 drivers/built-in.o
 .text.omap_mmc_init
                0x00000000402f8acc       0xc4 drivers/built-in.o
                0x00000000402f8acc                omap_mmc_init
 .text.get_current
                0x00000000402f8b90       0x2c drivers/built-in.o
 .text.serial_init
                0x00000000402f8bbc       0x1a drivers/built-in.o
                0x00000000402f8bbc                serial_init
 .text.serial_getc
                0x00000000402f8bd6        0xe drivers/built-in.o
                0x00000000402f8bd6                serial_getc
 .text.serial_tstc
                0x00000000402f8be4        0xe drivers/built-in.o
                0x00000000402f8be4                serial_tstc
 .text.serial_putc
                0x00000000402f8bf2       0x12 drivers/built-in.o
                0x00000000402f8bf2                serial_putc
 .text.serial_puts
                0x00000000402f8c04       0x12 drivers/built-in.o
                0x00000000402f8c04                serial_puts
 *fill*         0x00000000402f8c16        0x2 
 .text._serial_putc
                0x00000000402f8c18       0x2c drivers/built-in.o
 .text.eserial1_putc
                0x00000000402f8c44        0x6 drivers/built-in.o
 .text.eserial4_putc
                0x00000000402f8c4a        0x6 drivers/built-in.o
 .text._serial_puts
                0x00000000402f8c50       0x16 drivers/built-in.o
 .text.eserial1_puts
                0x00000000402f8c66        0x6 drivers/built-in.o
 .text.eserial4_puts
                0x00000000402f8c6c        0x6 drivers/built-in.o
 *fill*         0x00000000402f8c72        0x2 
 .text._serial_setbrg
                0x00000000402f8c74       0x2c drivers/built-in.o
 .text.eserial1_setbrg
                0x00000000402f8ca0        0x6 drivers/built-in.o
 .text.eserial4_setbrg
                0x00000000402f8ca6        0x6 drivers/built-in.o
 .text.eserial1_init
                0x00000000402f8cac       0x24 drivers/built-in.o
 .text.eserial4_init
                0x00000000402f8cd0       0x24 drivers/built-in.o
 .text.eserial1_getc
                0x00000000402f8cf4       0x10 drivers/built-in.o
 .text.eserial1_tstc
                0x00000000402f8d04        0xc drivers/built-in.o
 .text.eserial4_getc
                0x00000000402f8d10       0x10 drivers/built-in.o
 .text.eserial4_tstc
                0x00000000402f8d20        0xc drivers/built-in.o
 .text.ns16550_calc_divisor
                0x00000000402f8d2c       0x10 drivers/built-in.o
                0x00000000402f8d2c                ns16550_calc_divisor
 .text.NS16550_init
                0x00000000402f8d3c       0x5c drivers/built-in.o
                0x00000000402f8d3c                NS16550_init
 .text.NS16550_reinit
                0x00000000402f8d98       0x54 drivers/built-in.o
                0x00000000402f8d98                NS16550_reinit
 .text.NS16550_putc
                0x00000000402f8dec       0x1c drivers/built-in.o
                0x00000000402f8dec                NS16550_putc
 .text.NS16550_getc
                0x00000000402f8e08       0x20 drivers/built-in.o
                0x00000000402f8e08                NS16550_getc
 .text.NS16550_tstc
                0x00000000402f8e28        0xe drivers/built-in.o
                0x00000000402f8e28                NS16550_tstc
 .text.tps65217_reg_read
                0x00000000402f8e36       0x16 drivers/built-in.o
                0x00000000402f8e36                tps65217_reg_read
 .text.tps65217_reg_write
                0x00000000402f8e4c       0x98 drivers/built-in.o
                0x00000000402f8e4c                tps65217_reg_write
 .text.tps65217_voltage_update
                0x00000000402f8ee4       0x32 drivers/built-in.o
                0x00000000402f8ee4                tps65217_voltage_update
 .text.tps65910_set_i2c_control
                0x00000000402f8f16       0x36 drivers/built-in.o
                0x00000000402f8f16                tps65910_set_i2c_control
 .text.tps65910_voltage_update
                0x00000000402f8f4c       0x94 drivers/built-in.o
                0x00000000402f8f4c                tps65910_voltage_update
 .text.musb_gadget_enable
                0x00000000402f8fe0      0x194 drivers/built-in.o
 .text.musb_gadget_fifo_status
                0x00000000402f9174       0x26 drivers/built-in.o
 .text.musb_gadget_fifo_flush
                0x00000000402f919a       0x52 drivers/built-in.o
 .text.musb_gadget_get_frame
                0x00000000402f91ec        0xe drivers/built-in.o
 .text.musb_gadget_wakeup
                0x00000000402f91fa        0x4 drivers/built-in.o
 .text.musb_gadget_set_self_powered
                0x00000000402f91fe       0x16 drivers/built-in.o
 .text.musb_gadget_vbus_draw
                0x00000000402f9214        0x4 drivers/built-in.o
 .text.txstate  0x00000000402f9218       0x66 drivers/built-in.o
 .text.musb_alloc_request
                0x00000000402f927e       0x22 drivers/built-in.o
                0x00000000402f927e                musb_alloc_request
 .text.musb_free_request
                0x00000000402f92a0        0x6 drivers/built-in.o
                0x00000000402f92a0                musb_free_request
 *fill*         0x00000000402f92a6        0x2 
 .text.init_peripheral_ep
                0x00000000402f92a8       0xb4 drivers/built-in.o
 .text.musb_gadget_pullup
                0x00000000402f935c       0x38 drivers/built-in.o
 .text.musb_g_giveback
                0x00000000402f9394       0x32 drivers/built-in.o
                0x00000000402f9394                musb_g_giveback
 .text.rxstate  0x00000000402f93c6       0x94 drivers/built-in.o
 .text.musb_gadget_dequeue
                0x00000000402f945a       0x3a drivers/built-in.o
 .text.musb_gadget_disable
                0x00000000402f9494       0x6c drivers/built-in.o
 .text.musb_g_tx
                0x00000000402f9500       0xe2 drivers/built-in.o
                0x00000000402f9500                musb_g_tx
 .text.musb_g_rx
                0x00000000402f95e2       0x6c drivers/built-in.o
                0x00000000402f95e2                musb_g_rx
 .text.musb_ep_restart
                0x00000000402f964e       0x1e drivers/built-in.o
                0x00000000402f964e                musb_ep_restart
 .text.musb_gadget_set_halt
                0x00000000402f966c       0xc0 drivers/built-in.o
 .text.musb_gadget_queue
                0x00000000402f972c       0x74 drivers/built-in.o
 .text.musb_gadget_setup
                0x00000000402f97a0       0x90 drivers/built-in.o
                0x00000000402f97a0                musb_gadget_setup
 .text.musb_g_ep0_disable
                0x00000000402f9830        0x6 drivers/built-in.o
 .text.musb_g_ep0_dequeue
                0x00000000402f9836        0x6 drivers/built-in.o
 .text.musb_g_ep0_halt
                0x00000000402f983c       0x5e drivers/built-in.o
 .text.musb_g_ep0_enable
                0x00000000402f989a        0x6 drivers/built-in.o
 .text.ep0_txstate
                0x00000000402f98a0       0x94 drivers/built-in.o
 .text.musb_g_ep0_queue
                0x00000000402f9934       0xb2 drivers/built-in.o
 *fill*         0x00000000402f99e6        0x2 
 .text.musb_g_ep0_irq
                0x00000000402f99e8      0x5f8 drivers/built-in.o
                0x00000000402f99e8                musb_g_ep0_irq
 .text.fifo_setup
                0x00000000402f9fe0      0x12a drivers/built-in.o
 .text.musb_write_fifo
                0x00000000402fa10a       0x72 drivers/built-in.o
                0x00000000402fa10a                musb_write_fifo
 .text.musb_read_fifo
                0x00000000402fa17c       0x72 drivers/built-in.o
                0x00000000402fa17c                musb_read_fifo
 *fill*         0x00000000402fa1ee        0x2 
 .text.musb_load_testpacket
                0x00000000402fa1f0       0x24 drivers/built-in.o
                0x00000000402fa1f0                musb_load_testpacket
 .text.musb_interrupt
                0x00000000402fa214       0xca drivers/built-in.o
                0x00000000402fa214                musb_interrupt
 *fill*         0x00000000402fa2de        0x2 
 .text.musb_init_controller
                0x00000000402fa2e0      0x444 drivers/built-in.o
                0x00000000402fa2e0                musb_init_controller
 .text.musb_register
                0x00000000402fa724       0x3c drivers/built-in.o
                0x00000000402fa724                musb_register
 .text.musb_h_tx_flush_fifo
                0x00000000402fa760       0x40 drivers/built-in.o
 .text.musb_h_ep0_flush_fifo
                0x00000000402fa7a0       0x3c drivers/built-in.o
 .text.musb_start_urb
                0x00000000402fa7dc      0x344 drivers/built-in.o
 .text.musb_advance_schedule
                0x00000000402fab20      0x154 drivers/built-in.o
 .text.musb_h_ep0_irq
                0x00000000402fac74      0x1c0 drivers/built-in.o
                0x00000000402fac74                musb_h_ep0_irq
 .text.musb_host_tx
                0x00000000402fae34      0x12a drivers/built-in.o
                0x00000000402fae34                musb_host_tx
 *fill*         0x00000000402faf5e        0x2 
 .text.musb_host_rx
                0x00000000402faf60      0x274 drivers/built-in.o
                0x00000000402faf60                musb_host_rx
 .text.dsps_musb_enable
                0x00000000402fb1d4       0x1c drivers/built-in.o
 .text.dsps_musb_disable
                0x00000000402fb1f0        0x2 drivers/built-in.o
 *fill*         0x00000000402fb1f2        0x2 
 .text.dsps_musb_init
                0x00000000402fb1f4       0x50 drivers/built-in.o
 .text.dsps_musb_exit
                0x00000000402fb244       0x14 drivers/built-in.o
 .text.dsps_interrupt
                0x00000000402fb258       0x46 drivers/built-in.o
 *fill*         0x00000000402fb29e        0x2 
 .text.hw_watchdog_reset
                0x00000000402fb2a0       0x30 drivers/built-in.o
                0x00000000402fb2a0                hw_watchdog_reset
 .text.hw_watchdog_disable
                0x00000000402fb2d0       0x30 drivers/built-in.o
                0x00000000402fb2d0                hw_watchdog_disable
 .text.hw_watchdog_init
                0x00000000402fb300       0x74 drivers/built-in.o
                0x00000000402fb300                hw_watchdog_init
 .text.get_desc
                0x00000000402fb374       0x3a drivers/built-in.o
 *fill*         0x00000000402fb3ae        0x2 
 .text.blk_driver_lookup_type
                0x00000000402fb3b0       0x24 drivers/built-in.o
                0x00000000402fb3b0                blk_driver_lookup_type
 .text.blk_dselect_hwpart
                0x00000000402fb3d4       0x26 drivers/built-in.o
                0x00000000402fb3d4                blk_dselect_hwpart
 .text.blk_select_hwpart_devnum
                0x00000000402fb3fa       0x2a drivers/built-in.o
                0x00000000402fb3fa                blk_select_hwpart_devnum
 .text.downcase
                0x00000000402fb424       0x1c fs/built-in.o
 .text.disk_read
                0x00000000402fb440       0x30 fs/built-in.o
 .text.mkcksum  0x00000000402fb470       0x36 fs/built-in.o
 *fill*         0x00000000402fb4a6        0x2 
 .text.disk_write
                0x00000000402fb4a8       0x4c fs/built-in.o
 .text.flush_dirty_fat_buffer
                0x00000000402fb4f4       0x60 fs/built-in.o
 .text.get_fatent
                0x00000000402fb554       0xf8 fs/built-in.o
 .text.get_cluster
                0x00000000402fb64c       0xf0 fs/built-in.o
 .text.get_name
                0x00000000402fb73c       0x70 fs/built-in.o
 .text.read_bootsectandvi
                0x00000000402fb7ac       0xb4 fs/built-in.o
 .text.slot2str
                0x00000000402fb860       0x5c fs/built-in.o
 .text.get_vfatname
                0x00000000402fb8bc      0x10c fs/built-in.o
 .text.fat_set_blk_dev
                0x00000000402fb9c8       0x88 fs/built-in.o
                0x00000000402fb9c8                fat_set_blk_dev
 .text.fat_register_device
                0x00000000402fba50       0x54 fs/built-in.o
                0x00000000402fba50                fat_register_device
 .text.do_fat_read_at
                0x00000000402fbaa4      0x8f8 fs/built-in.o
                0x00000000402fbaa4                do_fat_read_at
 .text.file_fat_read_at
                0x00000000402fc39c       0x3c fs/built-in.o
                0x00000000402fc39c                file_fat_read_at
 .text.file_fat_read
                0x00000000402fc3d8       0x22 fs/built-in.o
                0x00000000402fc3d8                file_fat_read
 *fill*         0x00000000402fc3fa        0x2 
 .text.get_fs   0x00000000402fc3fc        0x8 fs/built-in.o
                0x00000000402fc3fc                get_fs
 .text.ext4fs_free_node
                0x00000000402fc404       0x1c fs/built-in.o
                0x00000000402fc404                ext4fs_free_node
 .text.ext4fs_read_file
                0x00000000402fc420      0x270 fs/built-in.o
                0x00000000402fc420                ext4fs_read_file
 .text.ext4fs_read
                0x00000000402fc690       0x38 fs/built-in.o
                0x00000000402fc690                ext4fs_read
 .text.ext4fs_bg_get_inode_table_id
                0x00000000402fc6c8       0x1a fs/built-in.o
                0x00000000402fc6c8                ext4fs_bg_get_inode_table_id
 .text.ext4fs_read_inode
                0x00000000402fc6e2       0xe2 fs/built-in.o
                0x00000000402fc6e2                ext4fs_read_inode
 .text.read_allocated_block
                0x00000000402fc7c4      0x618 fs/built-in.o
                0x00000000402fc7c4                read_allocated_block
 .text.ext4fs_iterate_dir
                0x00000000402fcddc      0x1ec fs/built-in.o
                0x00000000402fcddc                ext4fs_iterate_dir
 .text.ext4fs_find_file1
                0x00000000402fcfc8      0x1b4 fs/built-in.o
 .text.ext4fs_find_file
                0x00000000402fd17c       0x40 fs/built-in.o
                0x00000000402fd17c                ext4fs_find_file
 .text.ext4fs_open
                0x00000000402fd1bc       0x64 fs/built-in.o
                0x00000000402fd1bc                ext4fs_open
 .text.ext4fs_mount
                0x00000000402fd220       0x98 fs/built-in.o
                0x00000000402fd220                ext4fs_mount
 .text.ext4fs_set_blk_dev
                0x00000000402fd2b8       0x4c fs/built-in.o
                0x00000000402fd2b8                ext4fs_set_blk_dev
 .text.ext4fs_devread
                0x00000000402fd304      0x194 fs/built-in.o
                0x00000000402fd304                ext4fs_devread
 .text.ext4_read_superblock
                0x00000000402fd498       0x28 fs/built-in.o
                0x00000000402fd498                ext4_read_superblock
 .text.__ashldi3
                0x00000000402fd4c0       0x20 arch/arm/lib/lib.a(ashldi3.o)
                0x00000000402fd4c0                __ashldi3
                0x00000000402fd4c0                __aeabi_llsl
 .text.__udivsi3
                0x00000000402fd4e0       0x9c arch/arm/lib/lib.a(lib1funcs.o)
                0x00000000402fd4e0                __udivsi3
                0x00000000402fd4e0                __aeabi_uidiv
 .text.__divsi3
                0x00000000402fd57c       0xcc arch/arm/lib/lib.a(lib1funcs.o)
                0x00000000402fd57c                __aeabi_idiv
                0x00000000402fd57c                __divsi3
 .text.__aeabi_uidivmod
                0x00000000402fd648       0x30 arch/arm/lib/lib.a(lib1funcs.o)
                0x00000000402fd648                __aeabi_uidivmod
                0x00000000402fd660                __aeabi_idivmod
 .text.Ldiv0    0x00000000402fd678       0x10 arch/arm/lib/lib.a(lib1funcs.o)
 .text.__lshldi3
                0x00000000402fd688       0x20 arch/arm/lib/lib.a(lshrdi3.o)
                0x00000000402fd688                __aeabi_llsr
                0x00000000402fd688                __lshrdi3
 .text.__div0   0x00000000402fd6a8        0x4 arch/arm/lib/lib.a(div0.o)
                0x00000000402fd6a8                __div0

.glue_7         0x00000000402fd6ac        0x0
 .glue_7        0x00000000402fd6ac        0x0 linker stubs

.glue_7t        0x00000000402fd6ac        0x0
 .glue_7t       0x00000000402fd6ac        0x0 linker stubs

.vfp11_veneer   0x00000000402fd6ac        0x0
 .vfp11_veneer  0x00000000402fd6ac        0x0 linker stubs

.v4_bx          0x00000000402fd6ac        0x0
 .v4_bx         0x00000000402fd6ac        0x0 linker stubs

.iplt           0x00000000402fd6ac        0x0
 .iplt          0x00000000402fd6ac        0x0 arch/arm/cpu/armv7/start.o
                0x00000000402fd6ac                . = ALIGN (0x4)

.rodata         0x00000000402fd6ac     0x53bc
 *(SORT(.rodata*))
 .rodata        0x00000000402fd6ac       0x84 arch/arm/mach-omap2/built-in.o
 .rodata.dpll_ddr_regs
                0x00000000402fd730       0x24 arch/arm/mach-omap2/built-in.o
                0x00000000402fd730                dpll_ddr_regs
 .rodata.dpll_mpu
                0x00000000402fd754       0x10 arch/arm/mach-omap2/built-in.o
                0x00000000402fd754                dpll_mpu
 .rodata.dpll_per_regs
                0x00000000402fd764       0x24 arch/arm/mach-omap2/built-in.o
                0x00000000402fd764                dpll_per_regs
 .rodata.cmwkup
                0x00000000402fd788        0x4 arch/arm/mach-omap2/built-in.o
                0x00000000402fd788                cmwkup
 .rodata.dpll_core_opp100
                0x00000000402fd78c       0x10 arch/arm/mach-omap2/built-in.o
                0x00000000402fd78c                dpll_core_opp100
 .rodata.dpll_core_regs
                0x00000000402fd79c       0x24 arch/arm/mach-omap2/built-in.o
                0x00000000402fd79c                dpll_core_regs
 .rodata.dpll_core
                0x00000000402fd7c0       0x10 arch/arm/mach-omap2/built-in.o
                0x00000000402fd7c0                dpll_core
 .rodata.dpll_per
                0x00000000402fd7d0       0x10 arch/arm/mach-omap2/built-in.o
                0x00000000402fd7d0                dpll_per
 .rodata.dpll_mpu_regs
                0x00000000402fd7e0       0x24 arch/arm/mach-omap2/built-in.o
                0x00000000402fd7e0                dpll_mpu_regs
 .rodata.ddr_data_reg
                0x00000000402fd804        0x8 arch/arm/mach-omap2/built-in.o
 .rodata.ddr_cmd_reg
                0x00000000402fd80c        0x8 arch/arm/mach-omap2/built-in.o
 .rodata.emif_reg
                0x00000000402fd814        0x8 arch/arm/mach-omap2/built-in.o
 .rodata.vtpreg
                0x00000000402fd81c        0x8 arch/arm/mach-omap2/built-in.o
 .rodata.gpio_bank_am33xx
                0x00000000402fd824       0x10 arch/arm/mach-omap2/built-in.o
 .rodata.omap_gpio_bank
                0x00000000402fd834        0x4 arch/arm/mach-omap2/built-in.o
                0x00000000402fd834                omap_gpio_bank
 .rodata.am33xx_serial
                0x00000000402fd838       0x78 arch/arm/mach-omap2/built-in.o
 .rodata.ddr2_evm_emif_reg_data
                0x00000000402fd8b0       0x70 board/ti/am335x/built-in.o
 .rodata.dpll_ddr_evm_sk
                0x00000000402fd920       0x10 board/ti/am335x/built-in.o
                0x00000000402fd920                dpll_ddr_evm_sk
 .rodata.ddr3_evm_cmd_ctrl_data
                0x00000000402fd930       0x30 board/ti/am335x/built-in.o
 .rodata.ddr3_beagleblack_data
                0x00000000402fd960       0x18 board/ti/am335x/built-in.o
 .rodata.ddr2_data
                0x00000000402fd978       0x18 board/ti/am335x/built-in.o
 .rodata.ioregs_evmsk
                0x00000000402fd990       0x20 board/ti/am335x/built-in.o
                0x00000000402fd990                ioregs_evmsk
 .rodata.dpll_ddr_bone_black
                0x00000000402fd9b0       0x10 board/ti/am335x/built-in.o
                0x00000000402fd9b0                dpll_ddr_bone_black
 .rodata.ddr3_evm_data
                0x00000000402fd9c0       0x18 board/ti/am335x/built-in.o
 .rodata.ddr2_emif_reg_data
                0x00000000402fd9d8       0x70 board/ti/am335x/built-in.o
 .rodata.ddr3_cmd_ctrl_data
                0x00000000402fda48       0x30 board/ti/am335x/built-in.o
 .rodata.ddr3_icev2_cmd_ctrl_data
                0x00000000402fda78       0x30 board/ti/am335x/built-in.o
 .rodata.ioregs_bonelt
                0x00000000402fdaa8       0x20 board/ti/am335x/built-in.o
                0x00000000402fdaa8                ioregs_bonelt
 .rodata.ddr3_beagleblack_cmd_ctrl_data
                0x00000000402fdac8       0x30 board/ti/am335x/built-in.o
 .rodata.ioregs
                0x00000000402fdaf8       0x20 board/ti/am335x/built-in.o
                0x00000000402fdaf8                ioregs
 .rodata.ddr2_cmd_ctrl_data
                0x00000000402fdb18       0x30 board/ti/am335x/built-in.o
 .rodata.ddr3_icev2_data
                0x00000000402fdb48       0x18 board/ti/am335x/built-in.o
 .rodata.ddr3_data
                0x00000000402fdb60       0x18 board/ti/am335x/built-in.o
 .rodata.dpll_ddr
                0x00000000402fdb78       0x10 board/ti/am335x/built-in.o
                0x00000000402fdb78                dpll_ddr
 .rodata.ioregs_evm15
                0x00000000402fdb88       0x20 board/ti/am335x/built-in.o
                0x00000000402fdb88                ioregs_evm15
 .rodata.CSWTCH.28
                0x00000000402fdba8       0x20 common/built-in.o
 .rodata.env_flags_varaccess_mask
                0x00000000402fdbc8       0x10 common/built-in.o
 .rodata.crc_table
                0x00000000402fdbd8      0x400 lib/built-in.o
 .rodata.CSWTCH.46
                0x00000000402fdfd8       0x20 disk/built-in.o
 .rodata.fbase  0x00000000402fdff8       0x10 drivers/built-in.o
 .rodata.sd_au_size
                0x00000000402fe008       0x40 drivers/built-in.o
 .rodata.ext_csd_bits.9558
                0x00000000402fe048       0x14 drivers/built-in.o
 .rodata.ext_to_hostcaps.9559
                0x00000000402fe05c       0x1c drivers/built-in.o
 .rodata.widths.9560
                0x00000000402fe078       0x14 drivers/built-in.o
 .rodata.omap_hsmmc_ops
                0x00000000402fe08c       0x14 drivers/built-in.o
 .rodata.serial_ports
                0x00000000402fe0a0       0x18 drivers/built-in.o
 .rodata.musb_ep_ops
                0x00000000402fe0b8       0x28 drivers/built-in.o
 .rodata.musb_gadget_operations
                0x00000000402fe0e0       0x24 drivers/built-in.o
 .rodata.musb_g_ep0_ops
                0x00000000402fe104       0x28 drivers/built-in.o
                0x00000000402fe104                musb_g_ep0_ops
 .rodata.CSWTCH.19
                0x00000000402fe12c       0x1c drivers/built-in.o
 .rodata.crc16_tab
                0x00000000402fe148      0x200 lib/built-in.o
 .rodata.str1.1
                0x00000000402fe348      0x245 arch/arm/mach-omap2/built-in.o
                                        0x247 (size before relaxing)
 .rodata.str1.1
                0x00000000402fe58d      0x296 arch/arm/lib/built-in.o
                                        0x2cf (size before relaxing)
 .rodata.str1.1
                0x00000000402fe823      0x130 board/ti/am335x/built-in.o
                                        0x163 (size before relaxing)
 .rodata.str1.1
                0x00000000402fe953       0x64 board/ti/common/built-in.o
                                         0x69 (size before relaxing)
 .rodata.str1.1
                0x00000000402fe9b7      0x4af common/spl/built-in.o
                                        0x5f6 (size before relaxing)
 .rodata.__func__.7819
                0x00000000402fee66       0x18 common/spl/built-in.o
 .rodata.__func__.7839
                0x00000000402fee7e       0x13 common/spl/built-in.o
 .rodata.__func__.7848
                0x00000000402fee91       0x16 common/spl/built-in.o
 .rodata.__func__.7438
                0x00000000402feea7       0x13 common/spl/built-in.o
 .rodata.__func__.7450
                0x00000000402feeba       0x16 common/spl/built-in.o
 .rodata        0x00000000402feed0        0x3 common/built-in.o
 .rodata.str1.1
                0x00000000402feed3     0x11dd common/built-in.o
                                       0x125c (size before relaxing)
 .rodata.env_flags_varaccess_rep
                0x00000000403000b0        0x5 common/built-in.o
 .rodata.env_flags_vartype_rep
                0x00000000403000b5        0x7 common/built-in.o
 .rodata.__func__.7544
                0x00000000403000bc       0x10 common/built-in.o
 .rodata.default_environment
                0x00000000403000cc       0xe1 common/built-in.o
                0x00000000403000cc                default_environment
 .rodata.__func__.7560
                0x00000000403001ad        0xb common/built-in.o
 .rodata.str1.1
                0x00000000403001b8       0xb7 cmd/built-in.o
 .rodata        0x000000004030026f       0x20 lib/built-in.o
 .rodata.str1.1
                0x000000004030028f      0x1fc lib/built-in.o
                                        0x20c (size before relaxing)
 .rodata._ctype
                0x000000004030048b      0x100 lib/built-in.o
                0x000000004030048b                _ctype
 .rodata.digits.7183
                0x000000004030058b       0x10 lib/built-in.o
 .rodata.hex_asc
                0x000000004030059b       0x11 lib/built-in.o
 .rodata.str1.1
                0x00000000403005ac      0xbb8 disk/built-in.o
                                        0xbf6 (size before relaxing)
 .rodata.__func__.8611
                0x0000000040301164        0xd disk/built-in.o
 .rodata.__func__.8620
                0x0000000040301171       0x17 disk/built-in.o
 .rodata.__func__.8625
                0x0000000040301188        0xd disk/built-in.o
 .rodata.__func__.8477
                0x0000000040301195       0x12 disk/built-in.o
 .rodata.str1.1
                0x00000000403011a7      0xd81 drivers/built-in.o
                                        0xdb2 (size before relaxing)
 .rodata.__func__.9465
                0x0000000040301f28       0x14 drivers/built-in.o
 .rodata.multipliers
                0x0000000040301f3c       0x10 drivers/built-in.o
 .rodata.__func__.9592
                0x0000000040301f4c        0x9 drivers/built-in.o
 .rodata.__func__.10094
                0x0000000040301f55       0x10 drivers/built-in.o
 .rodata.__func__.10205
                0x0000000040301f65       0x14 drivers/built-in.o
 .rodata.__func__.10288
                0x0000000040301f79        0xf drivers/built-in.o
 .rodata.__func__.10125
                0x0000000040301f88       0x16 drivers/built-in.o
 .rodata.__func__.10354
                0x0000000040301f9e       0x13 drivers/built-in.o
 .rodata.__func__.10189
                0x0000000040301fb1       0x19 drivers/built-in.o
 .rodata.__func__.10253
                0x0000000040301fca        0xe drivers/built-in.o
 .rodata.__func__.10803
                0x0000000040301fd8        0xf drivers/built-in.o
 .rodata.musb_driver_name
                0x0000000040301fe7        0xa drivers/built-in.o
                0x0000000040301fe7                musb_driver_name
 .rodata.musb_test_packet
                0x0000000040301ff1       0x35 drivers/built-in.o
 .rodata.__FUNCTION__.10674
                0x0000000040302026       0x12 drivers/built-in.o
 .rodata.__func__.10704
                0x0000000040302038       0x10 drivers/built-in.o
 .rodata.__func__.10663
                0x0000000040302048        0xf drivers/built-in.o
 .rodata.__func__.10727
                0x0000000040302057       0x14 drivers/built-in.o
 .rodata.__func__.10789
                0x000000004030206b        0xd drivers/built-in.o
 .rodata.__func__.10741
                0x0000000040302078        0xf drivers/built-in.o
 .rodata.str1.1
                0x0000000040302087      0x9d2 fs/built-in.o
                                        0xa15 (size before relaxing)
 .rodata.__func__.7567
                0x0000000040302a59        0xf fs/built-in.o

.rel.dyn        0x0000000040302a68        0x0
 .rel.iplt      0x0000000040302a68        0x0 arch/arm/cpu/armv7/start.o
                0x0000000040302a68                . = ALIGN (0x4)

.data           0x0000000040302a68      0xd24
 *(SORT(.data*))
 .data          0x0000000040302a68       0xd8 arch/arm/lib/built-in.o
                0x0000000040302a68                gdata
 .data.dpll_mpu_opp100
                0x0000000040302b40       0x10 arch/arm/mach-omap2/built-in.o
                0x0000000040302b40                dpll_mpu_opp100
 .data.cstat    0x0000000040302b50        0x4 arch/arm/mach-omap2/built-in.o
                0x0000000040302b50                cstat
 .data.musb_config
                0x0000000040302b54       0x18 arch/arm/mach-omap2/built-in.o
 .data.otg1_board_data
                0x0000000040302b6c       0x14 arch/arm/mach-omap2/built-in.o
                0x0000000040302b6c                otg1_board_data
 .data.otg1_plat
                0x0000000040302b80       0x20 arch/arm/mach-omap2/built-in.o
 .data.otg0_board_data
                0x0000000040302ba0       0x14 arch/arm/mach-omap2/built-in.o
                0x0000000040302ba0                otg0_board_data
 .data.otg0_plat
                0x0000000040302bb4       0x20 arch/arm/mach-omap2/built-in.o
 .data.spi0_pin_mux
                0x0000000040302bd4       0x28 board/ti/am335x/built-in.o
 .data.gpio0_18_pin_mux
                0x0000000040302bfc       0x10 board/ti/am335x/built-in.o
 .data.mmc0_pin_mux_sk_evm
                0x0000000040302c0c       0x40 board/ti/am335x/built-in.o
 .data.rmii1_pin_mux
                0x0000000040302c4c       0x58 board/ti/am335x/built-in.o
 .data.mmc1_pin_mux
                0x0000000040302ca4       0x48 board/ti/am335x/built-in.o
 .data.mii1_pin_mux
                0x0000000040302cec       0x80 board/ti/am335x/built-in.o
 .data.i2c0_pin_mux
                0x0000000040302d6c       0x18 board/ti/am335x/built-in.o
 .data.gpio0_7_pin_mux
                0x0000000040302d84       0x10 board/ti/am335x/built-in.o
 .data.uart3_icev2_pin_mux
                0x0000000040302d94       0x18 board/ti/am335x/built-in.o
 .data.rgmii1_pin_mux
                0x0000000040302dac       0x78 board/ti/am335x/built-in.o
 .data.mmc0_no_cd_pin_mux
                0x0000000040302e24       0x40 board/ti/am335x/built-in.o
 .data.i2c1_pin_mux
                0x0000000040302e64       0x18 board/ti/am335x/built-in.o
 .data.mmc0_pin_mux
                0x0000000040302e7c       0x48 board/ti/am335x/built-in.o
 .data.uart0_pin_mux
                0x0000000040302ec4       0x18 board/ti/am335x/built-in.o
 .data.ddr3_emif_reg_data
                0x0000000040302edc       0x70 board/ti/am335x/built-in.o
 .data.ddr3_beagleblack_emif_reg_data
                0x0000000040302f4c       0x70 board/ti/am335x/built-in.o
 .data.ddr3_icev2_emif_reg_data
                0x0000000040302fbc       0x70 board/ti/am335x/built-in.o
 .data.ddr3_evm_emif_reg_data
                0x000000004030302c       0x70 board/ti/am335x/built-in.o
 .data          0x000000004030309c       0x50 common/spl/built-in.o
 .data.first_call
                0x00000000403030ec        0x8 common/built-in.o
 .data.env_htab
                0x00000000403030f4       0x10 common/built-in.o
                0x00000000403030f4                env_htab
 .data.av_      0x0000000040303104      0x408 common/built-in.o
 .data.sbrk_base
                0x000000004030350c        0x4 common/built-in.o
 .data.trim_threshold
                0x0000000040303510        0x4 common/built-in.o
 .data.cur_dev_num
                0x0000000040303514        0x4 drivers/built-in.o
 .data.eserial1_device
                0x0000000040303518       0x30 drivers/built-in.o
                0x0000000040303518                eserial1_device
 .data.eserial4_device
                0x0000000040303548       0x30 drivers/built-in.o
                0x0000000040303548                eserial4_device
 .data.musb_dsps_ops
                0x0000000040303578       0x24 drivers/built-in.o
                0x0000000040303578                musb_dsps_ops
 .data.wdt_trgr_pattern
                0x000000004030359c        0x4 drivers/built-in.o
 .data.ext4fs_indir3_blkno
                0x00000000403035a0        0x4 fs/built-in.o
                0x00000000403035a0                ext4fs_indir3_blkno
 .data.ext4fs_indir2_blkno
                0x00000000403035a4        0x4 fs/built-in.o
                0x00000000403035a4                ext4fs_indir2_blkno
 .data.ext4fs_indir1_blkno
                0x00000000403035a8        0x4 fs/built-in.o
                0x00000000403035a8                ext4fs_indir1_blkno
 .data.mode_3_cfg
                0x00000000403035ac       0x24 drivers/built-in.o
 .data.mode_4_cfg
                0x00000000403035d0       0xa2 drivers/built-in.o
 .data.mode_5_cfg
                0x0000000040303672       0xa2 drivers/built-in.o
 .data.mode_0_cfg
                0x0000000040303714       0x1e drivers/built-in.o
 .data.ep0_cfg  0x0000000040303732        0x6 drivers/built-in.o
 .data.mode_1_cfg
                0x0000000040303738       0x1e drivers/built-in.o
 .data.mode_2_cfg
                0x0000000040303756       0x24 drivers/built-in.o
 .data.fifo_mode
                0x000000004030377a        0x2 drivers/built-in.o
 .data.system_guid
                0x000000004030377c       0x10 disk/built-in.o

.igot.plt       0x000000004030378c        0x0
 .igot.plt      0x000000004030378c        0x0 arch/arm/cpu/armv7/start.o

.__bss_end      0x000000004030378c        0x0
 .__bss_end     0x000000004030378c        0x0 arch/arm/lib/built-in.o

.__bss_start    0x000000004030378c        0x0
 .__bss_start   0x000000004030378c        0x0 arch/arm/lib/built-in.o

.u_boot_list    0x000000004030378c      0x144
 *(SORT(.u_boot_list*))
 .u_boot_list_2_blk_driver_1
                0x000000004030378c        0x0 drivers/built-in.o
 .u_boot_list_2_blk_driver_2_mmc
                0x000000004030378c       0x18 drivers/built-in.o
                0x000000004030378c                _u_boot_list_2_blk_driver_2_mmc
 .u_boot_list_2_blk_driver_3
                0x00000000403037a4        0x0 drivers/built-in.o
 .u_boot_list_2_cmd_1
                0x00000000403037a4        0x0 common/built-in.o
 .u_boot_list_2_cmd_3
                0x00000000403037a4        0x0 common/built-in.o
 .u_boot_list_2_driver_info_2_am33xx_uarts
                0x00000000403037a4       0x30 arch/arm/mach-omap2/built-in.o
                0x00000000403037a4                _u_boot_list_2_driver_info_2_am33xx_uarts
 .u_boot_list_2_env_clbk_1
                0x00000000403037d4        0x0 common/built-in.o
 .u_boot_list_2_env_clbk_3
                0x00000000403037d4        0x0 common/built-in.o
 .u_boot_list_2_i2c_1
                0x00000000403037d4        0x0 drivers/built-in.o
 .u_boot_list_2_i2c_2_omap24_0
                0x00000000403037d4       0x2c drivers/built-in.o
                0x00000000403037d4                _u_boot_list_2_i2c_2_omap24_0
 .u_boot_list_2_i2c_2_omap24_1
                0x0000000040303800       0x2c drivers/built-in.o
                0x0000000040303800                _u_boot_list_2_i2c_2_omap24_1
 .u_boot_list_2_i2c_2_omap24_2
                0x000000004030382c       0x2c drivers/built-in.o
                0x000000004030382c                _u_boot_list_2_i2c_2_omap24_2
 .u_boot_list_2_i2c_3
                0x0000000040303858        0x0 drivers/built-in.o
 .u_boot_list_2_part_driver_1
                0x0000000040303858        0x0 disk/built-in.o
 .u_boot_list_2_part_driver_2_a_efi
                0x0000000040303858       0x18 disk/built-in.o
                0x0000000040303858                _u_boot_list_2_part_driver_2_a_efi
 .u_boot_list_2_part_driver_2_dos
                0x0000000040303870       0x18 disk/built-in.o
                0x0000000040303870                _u_boot_list_2_part_driver_2_dos
 .u_boot_list_2_part_driver_2_iso
                0x0000000040303888       0x18 disk/built-in.o
                0x0000000040303888                _u_boot_list_2_part_driver_2_iso
 .u_boot_list_2_part_driver_3
                0x00000000403038a0        0x0 disk/built-in.o
 .u_boot_list_2_spl_image_loader_1
                0x00000000403038a0        0x0 common/spl/built-in.o
 .u_boot_list_2_spl_image_loader_2_spl_mmc_load_image0BOOT_DEVICE_MMC1
                0x00000000403038a0        0xc common/spl/built-in.o
                0x00000000403038a0                _u_boot_list_2_spl_image_loader_2_spl_mmc_load_image0BOOT_DEVICE_MMC1
 .u_boot_list_2_spl_image_loader_2_spl_mmc_load_image0BOOT_DEVICE_MMC2
                0x00000000403038ac        0xc common/spl/built-in.o
                0x00000000403038ac                _u_boot_list_2_spl_image_loader_2_spl_mmc_load_image0BOOT_DEVICE_MMC2
 .u_boot_list_2_spl_image_loader_2_spl_mmc_load_image0BOOT_DEVICE_MMC2_2
                0x00000000403038b8        0xc common/spl/built-in.o
                0x00000000403038b8                _u_boot_list_2_spl_image_loader_2_spl_mmc_load_image0BOOT_DEVICE_MMC2_2
 .u_boot_list_2_spl_image_loader_2_spl_ymodem_load_image0BOOT_DEVICE_UART
                0x00000000403038c4        0xc common/spl/built-in.o
                0x00000000403038c4                _u_boot_list_2_spl_image_loader_2_spl_ymodem_load_image0BOOT_DEVICE_UART
 .u_boot_list_2_spl_image_loader_3
                0x00000000403038d0        0x0 common/spl/built-in.o
                0x00000000403038d0                . = ALIGN (0x4)
                0x00000000403038d0                __image_copy_end = .

.end
 *(.__end)

.bss            0x0000000080a00000    0x30e40
                0x0000000080a00000                . = ALIGN (0x4)
                0x0000000080a00000                __bss_start = .
 *(.bss*)
 .bss.fat_registered
                0x0000000080a00000        0x4 common/spl/built-in.o
 .bss.xyz       0x0000000080a00004      0x434 common/built-in.o
 .bss.flags_list
                0x0000000080a00438        0x4 common/built-in.o
 .bss.callback_list
                0x0000000080a0043c        0x4 common/built-in.o
 .bss.env_ptr   0x0000000080a00440        0x4 common/built-in.o
                0x0000000080a00440                env_ptr
 .bss.env_flags
                0x0000000080a00444        0x1 common/built-in.o
 .bss.env_mmc_orig_hwpart
                0x0000000080a00445        0x1 common/built-in.o
 *fill*         0x0000000080a00446        0x2 
 .bss.max_total_mem
                0x0000000080a00448        0x4 common/built-in.o
 .bss.mem_malloc_brk
                0x0000000080a0044c        0x4 common/built-in.o
                0x0000000080a0044c                mem_malloc_brk
 .bss.max_sbrked_mem
                0x0000000080a00450        0x4 common/built-in.o
 .bss.current_mallinfo
                0x0000000080a00454       0x28 common/built-in.o
 .bss.mem_malloc_end
                0x0000000080a0047c        0x4 common/built-in.o
                0x0000000080a0047c                mem_malloc_end
 .bss.top_pad   0x0000000080a00480        0x4 common/built-in.o
 .bss.mem_malloc_start
                0x0000000080a00484        0x4 common/built-in.o
                0x0000000080a00484                mem_malloc_start
 .bss.stdio_devices
                0x0000000080a00488        0xc common/built-in.o
                0x0000000080a00488                stdio_devices
 .bss.errno     0x0000000080a00494        0x4 lib/built-in.o
                0x0000000080a00494                errno
 .bss.tmpbuf    0x0000000080a00498      0x800 disk/built-in.o
 .bss.name.8428
                0x0000000080a00c98       0x25 disk/built-in.o
 *fill*         0x0000000080a00cbd        0x3 
 .bss.mmc_devices
                0x0000000080a00cc0        0x8 drivers/built-in.o
 .bss.initialized.9613
                0x0000000080a00cc8        0x4 drivers/built-in.o
 .bss.serial_current
                0x0000000080a00ccc        0x4 drivers/built-in.o
 .bss.musb_host
                0x0000000080a00cd0       0x60 drivers/built-in.o
                0x0000000080a00cd0                musb_host
 .bss.gadget    0x0000000080a00d30        0x4 drivers/built-in.o
 *fill*         0x0000000080a00d34        0xc 
 .bss.get_contents_vfatname_block
                0x0000000080a00d40    0x10000 fs/built-in.o
                0x0000000080a00d40                get_contents_vfatname_block
 .bss.do_fat_read_at_block
                0x0000000080a10d40    0x10000 fs/built-in.o
                0x0000000080a10d40                do_fat_read_at_block
 .bss.get_dentfromdir_block
                0x0000000080a20d40    0x10000 fs/built-in.o
                0x0000000080a20d40                get_dentfromdir_block
 .bss.cur_part_info
                0x0000000080a30d40       0x78 fs/built-in.o
 .bss.total_sector
                0x0000000080a30db8        0x4 fs/built-in.o
 .bss.num_of_fats
                0x0000000080a30dbc        0x1 fs/built-in.o
 *fill*         0x0000000080a30dbd        0x3 
 .bss.cur_dev   0x0000000080a30dc0        0x4 fs/built-in.o
 *fill*         0x0000000080a30dc4        0x4 
 .bss.ext_fs    0x0000000080a30dc8       0x48 fs/built-in.o
                0x0000000080a30dc8                ext_fs
 .bss.ext4fs_indir3_block
                0x0000000080a30e10        0x4 fs/built-in.o
                0x0000000080a30e10                ext4fs_indir3_block
 .bss.ext4fs_root
                0x0000000080a30e14        0x4 fs/built-in.o
                0x0000000080a30e14                ext4fs_root
 .bss.ext4fs_indir3_size
                0x0000000080a30e18        0x4 fs/built-in.o
                0x0000000080a30e18                ext4fs_indir3_size
 .bss.ext4fs_indir1_block
                0x0000000080a30e1c        0x4 fs/built-in.o
                0x0000000080a30e1c                ext4fs_indir1_block
 .bss.ext4fs_indir2_size
                0x0000000080a30e20        0x4 fs/built-in.o
                0x0000000080a30e20                ext4fs_indir2_size
 .bss.ext4fs_indir2_block
                0x0000000080a30e24        0x4 fs/built-in.o
                0x0000000080a30e24                ext4fs_indir2_block
 .bss.ext4fs_indir1_size
                0x0000000080a30e28        0x4 fs/built-in.o
                0x0000000080a30e28                ext4fs_indir1_size
 .bss.symlinknest
                0x0000000080a30e2c        0x4 fs/built-in.o
 .bss.ext4fs_file
                0x0000000080a30e30        0x4 fs/built-in.o
                0x0000000080a30e30                ext4fs_file
 .bss.part_info
                0x0000000080a30e34        0x4 fs/built-in.o
 .bss.part_offset
                0x0000000080a30e38        0x4 fs/built-in.o
                0x0000000080a30e38                part_offset
 .bss.ext4fs_blk_desc
                0x0000000080a30e3c        0x4 fs/built-in.o
                0x0000000080a30e40                . = ALIGN (0x4)
                0x0000000080a30e40                __bss_end = .
Address of section .text set to 0x402f0400
LOAD arch/arm/cpu/armv7/start.o
START GROUP
LOAD arch/arm/mach-omap2/built-in.o
LOAD arch/arm/cpu/armv7/built-in.o
LOAD arch/arm/cpu/built-in.o
LOAD arch/arm/lib/built-in.o
LOAD board/ti/am335x/built-in.o
LOAD board/ti/common/built-in.o
LOAD common/spl/built-in.o
LOAD common/init/built-in.o
LOAD common/built-in.o
LOAD cmd/built-in.o
LOAD lib/built-in.o
LOAD disk/built-in.o
LOAD drivers/built-in.o
LOAD dts/built-in.o
LOAD fs/built-in.o
END GROUP
LOAD arch/arm/lib/eabi_compat.o
LOAD arch/arm/lib/lib.a
OUTPUT(u-boot-spl elf32-littlearm)

.ARM.attributes
                0x0000000000000000       0x2d
 .ARM.attributes
                0x0000000000000000       0x1f arch/arm/cpu/armv7/start.o
 .ARM.attributes
                0x000000000000001f       0x2f arch/arm/mach-omap2/built-in.o
 .ARM.attributes
                0x000000000000004e       0x2d arch/arm/cpu/armv7/built-in.o
 .ARM.attributes
                0x000000000000007b       0x2b arch/arm/lib/built-in.o
 .ARM.attributes
                0x00000000000000a6       0x2d board/ti/am335x/built-in.o
 .ARM.attributes
                0x00000000000000d3       0x2d board/ti/common/built-in.o
 .ARM.attributes
                0x0000000000000100       0x2d common/spl/built-in.o
 .ARM.attributes
                0x000000000000012d       0x2d common/init/built-in.o
 .ARM.attributes
                0x000000000000015a       0x2d common/built-in.o
 .ARM.attributes
                0x0000000000000187       0x2d cmd/built-in.o
 .ARM.attributes
                0x00000000000001b4       0x2d lib/built-in.o
 .ARM.attributes
                0x00000000000001e1       0x2d disk/built-in.o
 .ARM.attributes
                0x000000000000020e       0x2d drivers/built-in.o
 .ARM.attributes
                0x000000000000023b       0x2d fs/built-in.o
 .ARM.attributes
                0x0000000000000268       0x1f arch/arm/lib/lib.a(ashldi3.o)
 .ARM.attributes
                0x0000000000000287       0x1f arch/arm/lib/lib.a(lib1funcs.o)
 .ARM.attributes
                0x00000000000002a6       0x1f arch/arm/lib/lib.a(lshrdi3.o)
 .ARM.attributes
                0x00000000000002c5       0x2d arch/arm/lib/lib.a(div0.o)

.comment        0x0000000000000000       0x3b
 .comment       0x0000000000000000       0x3b arch/arm/mach-omap2/built-in.o
                                        0x348 (size before relaxing)
 .comment       0x000000000000003b       0xf0 arch/arm/cpu/armv7/built-in.o
 .comment       0x000000000000003b      0x21c arch/arm/lib/built-in.o
 .comment       0x000000000000003b       0x78 board/ti/am335x/built-in.o
 .comment       0x000000000000003b       0x3c board/ti/common/built-in.o
 .comment       0x000000000000003b      0x12c common/spl/built-in.o
 .comment       0x000000000000003b       0x3c common/init/built-in.o
 .comment       0x000000000000003b      0x474 common/built-in.o
 .comment       0x000000000000003b       0x3c cmd/built-in.o
 .comment       0x000000000000003b      0x4b0 lib/built-in.o
 .comment       0x000000000000003b       0xf0 disk/built-in.o
 .comment       0x000000000000003b      0x474 drivers/built-in.o
 .comment       0x000000000000003b      0x1a4 fs/built-in.o
 .comment       0x000000000000003b       0x3c arch/arm/lib/lib.a(div0.o)

.note.GNU-stack
                0x0000000000000000        0x0
 .note.GNU-stack
                0x0000000000000000        0x0 arch/arm/mach-omap2/built-in.o
 .note.GNU-stack
                0x0000000000000000        0x0 arch/arm/cpu/armv7/built-in.o
 .note.GNU-stack
                0x0000000000000000        0x0 arch/arm/lib/built-in.o
 .note.GNU-stack
                0x0000000000000000        0x0 board/ti/am335x/built-in.o
 .note.GNU-stack
                0x0000000000000000        0x0 board/ti/common/built-in.o
 .note.GNU-stack
                0x0000000000000000        0x0 common/spl/built-in.o
 .note.GNU-stack
                0x0000000000000000        0x0 common/init/built-in.o
 .note.GNU-stack
                0x0000000000000000        0x0 common/built-in.o
 .note.GNU-stack
                0x0000000000000000        0x0 cmd/built-in.o
 .note.GNU-stack
                0x0000000000000000        0x0 lib/built-in.o
 .note.GNU-stack
                0x0000000000000000        0x0 disk/built-in.o
 .note.GNU-stack
                0x0000000000000000        0x0 drivers/built-in.o
 .note.GNU-stack
                0x0000000000000000        0x0 fs/built-in.o
 .note.GNU-stack
                0x0000000000000000        0x0 arch/arm/lib/lib.a(div0.o)

.debug_line     0x0000000000000000    0x12796
 .debug_line    0x0000000000000000       0x8c arch/arm/cpu/armv7/start.o
 .debug_line    0x000000000000008c     0x1782 arch/arm/mach-omap2/built-in.o
 .debug_line    0x000000000000180e      0x56c arch/arm/cpu/armv7/built-in.o
 .debug_line    0x0000000000001d7a      0xcb9 arch/arm/lib/built-in.o
 .debug_line    0x0000000000002a33      0x613 board/ti/am335x/built-in.o
 .debug_line    0x0000000000003046      0x30e board/ti/common/built-in.o
 .debug_line    0x0000000000003354      0x8b6 common/spl/built-in.o
 .debug_line    0x0000000000003c0a      0x128 common/init/built-in.o
 .debug_line    0x0000000000003d32     0x320d common/built-in.o
 .debug_line    0x0000000000006f3f      0x2ae cmd/built-in.o
 .debug_line    0x00000000000071ed     0x2714 lib/built-in.o
 .debug_line    0x0000000000009901     0x10d1 disk/built-in.o
 .debug_line    0x000000000000a9d2     0x4ee1 drivers/built-in.o
 .debug_line    0x000000000000f8b3     0x2d08 fs/built-in.o
 .debug_line    0x00000000000125bb       0x50 arch/arm/lib/lib.a(ashldi3.o)
 .debug_line    0x000000000001260b       0xf4 arch/arm/lib/lib.a(lib1funcs.o)
 .debug_line    0x00000000000126ff       0x50 arch/arm/lib/lib.a(lshrdi3.o)
 .debug_line    0x000000000001274f       0x47 arch/arm/lib/lib.a(div0.o)

.debug_info     0x0000000000000000    0x759df
 .debug_info    0x0000000000000000       0x63 arch/arm/cpu/armv7/start.o
 .debug_info    0x0000000000000063     0xb14d arch/arm/mach-omap2/built-in.o
 .debug_info    0x000000000000b1b0     0x14f9 arch/arm/cpu/armv7/built-in.o
 .debug_info    0x000000000000c6a9     0x38eb arch/arm/lib/built-in.o
 .debug_info    0x000000000000ff94     0x2dbf board/ti/am335x/built-in.o
 .debug_info    0x0000000000012d53     0x1183 board/ti/common/built-in.o
 .debug_info    0x0000000000013ed6     0x5341 common/spl/built-in.o
 .debug_info    0x0000000000019217      0x6bd common/init/built-in.o
 .debug_info    0x00000000000198d4    0x11cee common/built-in.o
 .debug_info    0x000000000002b5c2      0xede cmd/built-in.o
 .debug_info    0x000000000002c4a0     0xa7cb lib/built-in.o
 .debug_info    0x0000000000036c6b     0x6804 disk/built-in.o
 .debug_info    0x000000000003d46f    0x264e1 drivers/built-in.o
 .debug_info    0x0000000000063950    0x11f1d fs/built-in.o
 .debug_info    0x000000000007586d       0x5f arch/arm/lib/lib.a(ashldi3.o)
 .debug_info    0x00000000000758cc       0x5d arch/arm/lib/lib.a(lib1funcs.o)
 .debug_info    0x0000000000075929       0x5f arch/arm/lib/lib.a(lshrdi3.o)
 .debug_info    0x0000000000075988       0x57 arch/arm/lib/lib.a(div0.o)

.debug_abbrev   0x0000000000000000    0x12630
 .debug_abbrev  0x0000000000000000       0x14 arch/arm/cpu/armv7/start.o
 .debug_abbrev  0x0000000000000014     0x213b arch/arm/mach-omap2/built-in.o
 .debug_abbrev  0x000000000000214f      0x6d3 arch/arm/cpu/armv7/built-in.o
 .debug_abbrev  0x0000000000002822      0xeab arch/arm/lib/built-in.o
 .debug_abbrev  0x00000000000036cd      0x54d board/ti/am335x/built-in.o
 .debug_abbrev  0x0000000000003c1a      0x3ee board/ti/common/built-in.o
 .debug_abbrev  0x0000000000004008      0xf2e common/spl/built-in.o
 .debug_abbrev  0x0000000000004f36      0x1cf common/init/built-in.o
 .debug_abbrev  0x0000000000005105     0x36f7 common/built-in.o
 .debug_abbrev  0x00000000000087fc      0x324 cmd/built-in.o
 .debug_abbrev  0x0000000000008b20     0x2939 lib/built-in.o
 .debug_abbrev  0x000000000000b459     0x1022 disk/built-in.o
 .debug_abbrev  0x000000000000c47b     0x46a6 drivers/built-in.o
 .debug_abbrev  0x0000000000010b21     0x1a77 fs/built-in.o
 .debug_abbrev  0x0000000000012598       0x14 arch/arm/lib/lib.a(ashldi3.o)
 .debug_abbrev  0x00000000000125ac       0x12 arch/arm/lib/lib.a(lib1funcs.o)
 .debug_abbrev  0x00000000000125be       0x14 arch/arm/lib/lib.a(lshrdi3.o)
 .debug_abbrev  0x00000000000125d2       0x5e arch/arm/lib/lib.a(div0.o)

.debug_aranges  0x0000000000000000     0x2658
 .debug_aranges
                0x0000000000000000       0x20 arch/arm/cpu/armv7/start.o
 .debug_aranges
                0x0000000000000020      0x3b8 arch/arm/mach-omap2/built-in.o
 .debug_aranges
                0x00000000000003d8      0x120 arch/arm/cpu/armv7/built-in.o
 .debug_aranges
                0x00000000000004f8      0x288 arch/arm/lib/built-in.o
 .debug_aranges
                0x0000000000000780       0xc0 board/ti/am335x/built-in.o
 .debug_aranges
                0x0000000000000840       0x90 board/ti/common/built-in.o
 .debug_aranges
                0x00000000000008d0      0x128 common/spl/built-in.o
 .debug_aranges
                0x00000000000009f8       0x30 common/init/built-in.o
 .debug_aranges
                0x0000000000000a28      0x6c8 common/built-in.o
 .debug_aranges
                0x00000000000010f0       0x68 cmd/built-in.o
 .debug_aranges
                0x0000000000001158      0x5e0 lib/built-in.o
 .debug_aranges
                0x0000000000001738      0x198 disk/built-in.o
 .debug_aranges