Archive member included to satisfy reference by file (symbol)

arch/arm/lib/lib.a(ashldi3.o)
                              drivers/mmc/built-in.o (__aeabi_llsl)
arch/arm/lib/lib.a(lib1funcs.o)
                              arch/arm/mach-omap2/built-in.o (__aeabi_uidiv)
arch/arm/lib/lib.a(lshrdi3.o)
                              fs/built-in.o (__aeabi_llsr)
arch/arm/lib/lib.a(div0.o)    arch/arm/lib/lib.a(lib1funcs.o) (__div0)

Discarded input sections

 .data          0x0000000000000000        0x0 arch/arm/cpu/armv7/start.o
 .bss           0x0000000000000000        0x0 arch/arm/cpu/armv7/start.o
 .text          0x0000000000000000        0x0 board/ti/am335x/built-in.o
 .text.do_board_detect
                0x0000000000000000       0x30 board/ti/am335x/built-in.o
 .data          0x0000000000000000        0x0 board/ti/am335x/built-in.o
 .bss           0x0000000000000000        0x0 board/ti/am335x/built-in.o
 .text.mmu_page_table_flush
                0x0000000000000000       0x1e arch/arm/cpu/armv7/built-in.o
 .text.v7_arch_cp15_set_l2aux_ctrl
                0x0000000000000000        0x6 arch/arm/cpu/armv7/built-in.o
 .text.v7_arch_cp15_set_acr
                0x0000000000000000        0x6 arch/arm/cpu/armv7/built-in.o
 .text.sdelay   0x0000000000000000        0x6 arch/arm/cpu/armv7/built-in.o
 .text.wait_on_value
                0x0000000000000000       0x1e arch/arm/cpu/armv7/built-in.o
 .data          0x0000000000000000        0x0 arch/arm/cpu/armv7/built-in.o
 .bss           0x0000000000000000        0x0 arch/arm/cpu/armv7/built-in.o
 .text.armv7_boot_nonsec_default
                0x0000000000000000        0x4 arch/arm/lib/built-in.o
 .text.enable_caches
                0x0000000000000000        0xc arch/arm/lib/built-in.o
 .text.invalidate_dcache_range
                0x0000000000000000        0x2 arch/arm/lib/built-in.o
 .text.flush_dcache_range
                0x0000000000000000        0x2 arch/arm/lib/built-in.o
 .text.flush_dcache_all
                0x0000000000000000        0xa arch/arm/lib/built-in.o
 .text.invalidate_l2_cache
                0x0000000000000000        0xc arch/arm/lib/built-in.o
 .text.arm_init_before_mmu
                0x0000000000000000        0x2 arch/arm/lib/built-in.o
 .text.arm_init_domains
                0x0000000000000000        0x2 arch/arm/lib/built-in.o
 .text.mmu_page_table_flush
                0x0000000000000000        0x2 arch/arm/lib/built-in.o
 .text.mmu_set_region_dcache_behaviour
                0x0000000000000000       0x40 arch/arm/lib/built-in.o
 .text.dram_bank_mmu_setup
                0x0000000000000000       0x2a arch/arm/lib/built-in.o
 .text.icache_status
                0x0000000000000000        0xa arch/arm/lib/built-in.o
 .text.fdt_psci
                0x0000000000000000        0x4 arch/arm/lib/built-in.o
 .data          0x0000000000000000        0x0 arch/arm/lib/built-in.o
 .__secure_end  0x0000000000000000        0x0 arch/arm/lib/built-in.o
 .__secure_stack_start
                0x0000000000000000        0x0 arch/arm/lib/built-in.o
 .__secure_stack_end
                0x0000000000000000        0x0 arch/arm/lib/built-in.o
 .__secure_start
                0x0000000000000000        0x0 arch/arm/lib/built-in.o
 .bss           0x0000000000000000        0x0 arch/arm/lib/built-in.o
 .text.get_dpll_mpu_params
                0x0000000000000000        0x8 arch/arm/mach-omap2/built-in.o
 .text.get_dpll_core_params
                0x0000000000000000        0x8 arch/arm/mach-omap2/built-in.o
 .text.get_dpll_per_params
                0x0000000000000000        0x8 arch/arm/mach-omap2/built-in.o
 .text.setup_clocks_for_console
                0x0000000000000000       0x7c arch/arm/mach-omap2/built-in.o
 .text.enable_basic_clocks
                0x0000000000000000       0x44 arch/arm/mach-omap2/built-in.o
 .text.set_mpu_spreadspectrum
                0x0000000000000000       0xc4 arch/arm/mach-omap2/built-in.o
 .text.do_setup_dpll
                0x0000000000000000       0xe0 arch/arm/mach-omap2/built-in.o
 .text.do_enable_clocks
                0x0000000000000000       0x64 arch/arm/mach-omap2/built-in.o
 .text.do_disable_clocks
                0x0000000000000000       0x6c arch/arm/mach-omap2/built-in.o
 .text.scale_vcores
                0x0000000000000000        0x2 arch/arm/mach-omap2/built-in.o
 .text.setup_early_clocks
                0x0000000000000000       0x12 arch/arm/mach-omap2/built-in.o
 .text.prcm_init
                0x0000000000000000       0x5c arch/arm/mach-omap2/built-in.o
 .text.get_sysboot_value
                0x0000000000000000       0x14 arch/arm/mach-omap2/built-in.o
 .text.am335x_get_efuse_mpu_max_freq
                0x0000000000000000       0x78 arch/arm/mach-omap2/built-in.o
 .text.am335x_get_tps65910_mpu_vdd
                0x0000000000000000       0x2a arch/arm/mach-omap2/built-in.o
 .text.configure_mr
                0x0000000000000000       0x8c arch/arm/mach-omap2/built-in.o
 .text.config_sdram_emif4d5
[...]
Memory Configuration

Name             Origin             Length             Attributes
*default*        0x0000000000000000 0xffffffffffffffff

Linker script and memory map

Address of section .text set to 0x80800000
                0x0000000000000000                . = 0x0
                0x0000000000000000                . = ALIGN (0x4)

.text           0x0000000080800000    0x37f18
 *(.__image_copy_start)
 .__image_copy_start
                0x0000000080800000        0x0 arch/arm/lib/built-in.o
                0x0000000080800000                __image_copy_start
 *(.vectors)
 .vectors       0x0000000080800000      0x2e8 arch/arm/lib/built-in.o
                0x0000000080800000                _start
                0x0000000080800020                _undefined_instruction
                0x0000000080800024                _software_interrupt
                0x0000000080800028                _prefetch_abort
                0x000000008080002c                _data_abort
                0x0000000080800030                _not_used
                0x0000000080800034                _irq
                0x0000000080800038                _fiq
                0x0000000080800040                IRQ_STACK_START_IN
 arch/arm/cpu/armv7/start.o(.text*)
 .text          0x00000000808002e8       0xa4 arch/arm/cpu/armv7/start.o
                0x00000000808002e8                reset
                0x00000000808002ec                save_boot_params_ret
                0x0000000080800320                c_runtime_cpu_setup
                0x0000000080800334                cpu_init_cp15
 board/ti/am335x/built-in.o(.text*)
 .text.cpsw_control
                0x000000008080038c        0x2 board/ti/am335x/built-in.o
 *fill*         0x000000008080038e        0x2 
 .text.request_and_set_gpio
                0x0000000080800390       0x58 board/ti/am335x/built-in.o
 .text.board_init
                0x00000000808003e8      0x184 board/ti/am335x/built-in.o
                0x00000000808003e8                board_init
 .text.board_late_init
                0x000000008080056c      0x19c board/ti/am335x/built-in.o
                0x000000008080056c                board_late_init
 .text.board_eth_init
                0x0000000080800708      0x174 board/ti/am335x/built-in.o
                0x0000000080800708                board_eth_init
 *(.text*)
 .text          0x000000008080087c      0x158 arch/arm/cpu/armv7/built-in.o
                0x000000008080087c                __v7_flush_dcache_all
                0x0000000080800918                v7_flush_dcache_all
                0x0000000080800928                __v7_invalidate_dcache_all
                0x00000000808009c4                v7_invalidate_dcache_all
 .text.invalidate_icache_all
                0x00000000808009d4       0x14 arch/arm/cpu/armv7/built-in.o
                0x00000000808009d4                invalidate_icache_all
 .text.v7_outer_cache_enable
                0x00000000808009e8        0x2 arch/arm/cpu/armv7/built-in.o
                0x00000000808009e8                v7_outer_cache_enable
 .text.v7_outer_cache_disable
                0x00000000808009ea        0x2 arch/arm/cpu/armv7/built-in.o
                0x00000000808009ea                v7_outer_cache_disable
 .text.v7_outer_cache_flush_all
                0x00000000808009ec        0x2 arch/arm/cpu/armv7/built-in.o
                0x00000000808009ec                v7_outer_cache_flush_all
 .text.flush_dcache_all
                0x00000000808009ee        0xe arch/arm/cpu/armv7/built-in.o
                0x00000000808009ee                flush_dcache_all
 .text.v7_outer_cache_inval_all
                0x00000000808009fc        0x2 arch/arm/cpu/armv7/built-in.o
                0x00000000808009fc                v7_outer_cache_inval_all
 .text.invalidate_dcache_all
                0x00000000808009fe        0xe arch/arm/cpu/armv7/built-in.o
                0x00000000808009fe                invalidate_dcache_all
 .text.arm_init_before_mmu
                0x0000000080800a0c       0x22 arch/arm/cpu/armv7/built-in.o
                0x0000000080800a0c                arm_init_before_mmu
 .text.v7_outer_cache_flush_range
                0x0000000080800a2e        0x2 arch/arm/cpu/armv7/built-in.o
                0x0000000080800a2e                v7_outer_cache_flush_range
 .text.flush_dcache_range
                0x0000000080800a30       0x38 arch/arm/cpu/armv7/built-in.o
                0x0000000080800a30                flush_dcache_range
 .text.v7_outer_cache_inval_range
                0x0000000080800a68        0x2 arch/arm/cpu/armv7/built-in.o
                0x0000000080800a68                v7_outer_cache_inval_range
 .text.invalidate_dcache_range
                0x0000000080800a6a       0x42 arch/arm/cpu/armv7/built-in.o
                0x0000000080800a6a                invalidate_dcache_range
 .text.cpu_cache_initialization
                0x0000000080800aac        0x2 arch/arm/cpu/armv7/built-in.o
                0x0000000080800aac                cpu_cache_initialization
 .text.cleanup_before_linux_select
                0x0000000080800aae       0x3e arch/arm/cpu/armv7/built-in.o
                0x0000000080800aae                cleanup_before_linux_select
 .text.cleanup_before_linux
                0x0000000080800aec        0x6 arch/arm/cpu/armv7/built-in.o
                0x0000000080800aec                cleanup_before_linux
 *fill*         0x0000000080800af2        0xe 
 .text          0x0000000080800b00      0x420 arch/arm/lib/built-in.o
                0x0000000080800b00                _main
                0x0000000080800ba0                memset
                0x0000000080800c40                memcpy
 .text.relocate_vectors
                0x0000000080800f20       0x70 arch/arm/lib/built-in.o
                0x0000000080800f20                relocate_vectors
                0x0000000080800f2c                relocate_code
 .text.arch_fixup_fdt
                0x0000000080800f90       0x24 arch/arm/lib/built-in.o
                0x0000000080800f90                arch_fixup_fdt
 .text.arch_lmb_reserve
                0x0000000080800fb4       0x1e arch/arm/lib/built-in.o
                0x0000000080800fb4                arch_lmb_reserve
 .text.board_quiesce_devices
                0x0000000080800fd2        0x2 arch/arm/lib/built-in.o
                0x0000000080800fd2                board_quiesce_devices
 .text.boot_jump_linux
                0x0000000080800fd4       0x90 arch/arm/lib/built-in.o
 .text.setup_board_tags
                0x0000000080801064        0x2 arch/arm/lib/built-in.o
                0x0000000080801064                setup_board_tags
 *fill*         0x0000000080801066        0x2 
 .text.boot_prep_linux
                0x0000000080801068       0xfc arch/arm/lib/built-in.o
 .text.do_bootm_linux
                0x0000000080801164       0x44 arch/arm/lib/built-in.o
                0x0000000080801164                do_bootm_linux
 .text.boot_prep_vxworks
                0x00000000808011a8       0x34 arch/arm/lib/built-in.o
                0x00000000808011a8                boot_prep_vxworks
 .text.boot_jump_vxworks
                0x00000000808011dc        0xa arch/arm/lib/built-in.o
                0x00000000808011dc                boot_jump_vxworks
 *fill*         0x00000000808011e6        0x2 
 .text.bootz_setup
                0x00000000808011e8       0x6c arch/arm/lib/built-in.o
                0x00000000808011e8                bootz_setup
 .text.arch_reserve_stacks
                0x0000000080801254       0x16 arch/arm/lib/built-in.o
                0x0000000080801254                arch_reserve_stacks
 *fill*         0x000000008080126a        0x2 
 .text.interrupt_init
                0x000000008080126c       0x14 arch/arm/lib/built-in.o
                0x000000008080126c                interrupt_init
 .text.enable_interrupts
                0x0000000080801280        0x2 arch/arm/lib/built-in.o
                0x0000000080801280                enable_interrupts
 .text.disable_interrupts
                0x0000000080801282        0x4 arch/arm/lib/built-in.o
                0x0000000080801282                disable_interrupts
 *fill*         0x0000000080801286        0x2 
 .text.bad_mode
                0x0000000080801288        0xc arch/arm/lib/built-in.o
                0x0000000080801288                bad_mode
 .text.show_regs
                0x0000000080801294      0x108 arch/arm/lib/built-in.o
                0x0000000080801294                show_regs
 .text.do_undefined_instruction
                0x000000008080139c       0x1c arch/arm/lib/built-in.o
                0x000000008080139c                do_undefined_instruction
 .text.do_software_interrupt
                0x00000000808013b8       0x1c arch/arm/lib/built-in.o
                0x00000000808013b8                do_software_interrupt
 .text.do_prefetch_abort
                0x00000000808013d4       0x1c arch/arm/lib/built-in.o
                0x00000000808013d4                do_prefetch_abort
 .text.do_data_abort
                0x00000000808013f0       0x1c arch/arm/lib/built-in.o
                0x00000000808013f0                do_data_abort
 .text.do_not_used
                0x000000008080140c       0x1c arch/arm/lib/built-in.o
                0x000000008080140c                do_not_used
 .text.do_fiq   0x0000000080801428       0x1c arch/arm/lib/built-in.o
                0x0000000080801428                do_fiq
 .text.do_irq   0x0000000080801444       0x1c arch/arm/lib/built-in.o
                0x0000000080801444                do_irq
 .text.reset_misc
                0x0000000080801460        0x2 arch/arm/lib/built-in.o
                0x0000000080801460                reset_misc
 *fill*         0x0000000080801462        0x2 
 .text.do_reset
                0x0000000080801464       0x28 arch/arm/lib/built-in.o
                0x0000000080801464                do_reset
 .text.flush_cache
                0x000000008080148c        0x6 arch/arm/lib/built-in.o
                0x000000008080148c                flush_cache
 *fill*         0x0000000080801492        0x2 
 .text.check_cache_range
                0x0000000080801494       0x20 arch/arm/lib/built-in.o
                0x0000000080801494                check_cache_range
 .text.cp_delay
                0x00000000808014b4       0x18 arch/arm/lib/built-in.o
 .text.cache_disable
                0x00000000808014cc       0x34 arch/arm/lib/built-in.o
 .text.set_section_dcache
                0x0000000080801500       0x12 arch/arm/lib/built-in.o
                0x0000000080801500                set_section_dcache
 .text.icache_enable
                0x0000000080801512       0x18 arch/arm/lib/built-in.o
                0x0000000080801512                icache_enable
 .text.icache_disable
                0x000000008080152a        0x8 arch/arm/lib/built-in.o
                0x000000008080152a                icache_disable
 .text.dcache_enable
                0x0000000080801532       0x72 arch/arm/lib/built-in.o
                0x0000000080801532                dcache_enable
 .text.dcache_disable
                0x00000000808015a4        0x6 arch/arm/lib/built-in.o
                0x00000000808015a4                dcache_disable
 .text.dcache_status
                0x00000000808015aa        0xa arch/arm/lib/built-in.o
                0x00000000808015aa                dcache_status
 .text          0x00000000808015b4       0x60 arch/arm/mach-omap2/built-in.o
                0x00000000808015b4                save_boot_params
                0x00000000808015c0                omap_smc1
                0x00000000808015dc                omap_smc_sec
 .text.get_cpu_rev
                0x0000000080801614       0x10 arch/arm/mach-omap2/built-in.o
                0x0000000080801614                get_cpu_rev
 .text.get_cpu_type
                0x0000000080801624       0x14 arch/arm/mach-omap2/built-in.o
                0x0000000080801624                get_cpu_type
 .text.get_device_type
                0x0000000080801638       0x14 arch/arm/mach-omap2/built-in.o
                0x0000000080801638                get_device_type
 .text.print_cpuinfo
                0x000000008080164c       0x8c arch/arm/mach-omap2/built-in.o
                0x000000008080164c                print_cpuinfo
 .text.dram_init
                0x00000000808016d8       0x16 arch/arm/mach-omap2/built-in.o
                0x00000000808016d8                dram_init
 .text.dram_init_banksize
                0x00000000808016ee       0x18 arch/arm/mach-omap2/built-in.o
                0x00000000808016ee                dram_init_banksize
 *fill*         0x0000000080801706        0x2 
 .text.am33xx_otg0_set_phy_power
                0x0000000080801708       0x20 arch/arm/mach-omap2/built-in.o
 .text.am33xx_otg1_set_phy_power
                0x0000000080801728       0x20 arch/arm/mach-omap2/built-in.o
 .text.cpu_mmc_init
                0x0000000080801748       0x28 arch/arm/mach-omap2/built-in.o
                0x0000000080801748                cpu_mmc_init
 .text.arch_misc_init
                0x0000000080801770       0x34 arch/arm/mach-omap2/built-in.o
                0x0000000080801770                arch_misc_init
 .text.arch_cpu_init_dm
                0x00000000808017a4        0x4 arch/arm/mach-omap2/built-in.o
                0x00000000808017a4                arch_cpu_init_dm
 .text.clk_synthesizer_reg_write
                0x00000000808017a8       0x38 arch/arm/mach-omap2/built-in.o
 .text.setup_clock_synthesizer
                0x00000000808017e0       0x84 arch/arm/mach-omap2/built-in.o
                0x00000000808017e0                setup_clock_synthesizer
 .text.reset_cpu
                0x0000000080801864       0x10 arch/arm/mach-omap2/built-in.o
                0x0000000080801864                reset_cpu
 .text.timer_init
                0x0000000080801874       0x18 arch/arm/mach-omap2/built-in.o
                0x0000000080801874                timer_init
 .text.__udelay
                0x000000008080188c       0x34 arch/arm/mach-omap2/built-in.o
                0x000000008080188c                __udelay
 .text.get_timer_masked
                0x00000000808018c0       0x50 arch/arm/mach-omap2/built-in.o
                0x00000000808018c0                get_timer_masked
 .text.get_timer
                0x0000000080801910        0xc arch/arm/mach-omap2/built-in.o
                0x0000000080801910                get_timer
 .text.get_ticks
                0x000000008080191c        0xa arch/arm/mach-omap2/built-in.o
                0x000000008080191c                get_ticks
 .text.get_tbclk
                0x0000000080801926        0x6 arch/arm/mach-omap2/built-in.o
                0x0000000080801926                get_tbclk
 .text.enable_caches
                0x000000008080192c        0x4 arch/arm/mach-omap2/built-in.o
                0x000000008080192c                enable_caches
 .text.dram_bank_mmu_setup
                0x0000000080801930       0x26 arch/arm/mach-omap2/built-in.o
                0x0000000080801930                dram_bank_mmu_setup
 .text.arm_init_domains
                0x0000000080801956       0x16 arch/arm/mach-omap2/built-in.o
                0x0000000080801956                arm_init_domains
 .text.fb_set_reboot_flag
                0x000000008080196c       0x24 arch/arm/mach-omap2/built-in.o
                0x000000008080196c                fb_set_reboot_flag
 .text.board_ti_is
                0x0000000080801990       0x30 board/ti/common/built-in.o
                0x0000000080801990                board_ti_is
 .text.board_ti_get_rev
                0x00000000808019c0        0x8 board/ti/common/built-in.o
                0x00000000808019c0                board_ti_get_rev
 .text.board_ti_get_config
                0x00000000808019c8        0x8 board/ti/common/built-in.o
                0x00000000808019c8                board_ti_get_config
 .text.set_board_info_env
                0x00000000808019d0       0x3c board/ti/common/built-in.o
                0x00000000808019d0                set_board_info_env
 .text.do_go_exec
                0x0000000080801a0c        0x8 cmd/built-in.o
                0x0000000080801a0c                do_go_exec
 .text.do_go    0x0000000080801a14       0x4c cmd/built-in.o
 .text.do_bootm
                0x0000000080801a60       0xa4 cmd/built-in.o
                0x0000000080801a60                do_bootm
 .text.do_bootd
                0x0000000080801b04       0x18 cmd/built-in.o
                0x0000000080801b04                do_bootd
 .text.image_info
                0x0000000080801b1c       0xd8 cmd/built-in.o
 .text.do_iminfo
                0x0000000080801bf4       0x40 cmd/built-in.o
 .text.bootm_maybe_autostart
                0x0000000080801c34       0x4c cmd/built-in.o
                0x0000000080801c34                bootm_maybe_autostart
 .text.do_help  0x0000000080801c80       0x2c cmd/built-in.o
 .text.do_version
                0x0000000080801cac       0x2c cmd/built-in.o
 .text.source   0x0000000080801cd8      0x11c cmd/built-in.o
                0x0000000080801cd8                source
 .text.do_source
                0x0000000080801df4       0x50 cmd/built-in.o
 .text.print_num
                0x0000000080801e44       0x10 cmd/built-in.o
 .text.do_bdinfo
                0x0000000080801e54      0x138 cmd/built-in.o
 .text.bootefi_open_dp
                0x0000000080801f8c        0xc cmd/built-in.o
 .text.do_bootefi_exec
                0x0000000080801f98      0x1d4 cmd/built-in.o
 .text.do_bootefi
                0x000000008080216c       0x5c cmd/built-in.o
 .text.efi_set_bootdev
                0x00000000808021c8       0xd0 cmd/built-in.o
                0x00000000808021c8                efi_set_bootdev
 .text.do_bootz
                0x0000000080802298       0xa0 cmd/built-in.o
                0x0000000080802298                do_bootz
 .text.do_coninfo
                0x0000000080802338       0x84 cmd/built-in.o
 .text.do_echo  0x00000000808023bc       0x74 cmd/built-in.o
 .text.parse_numeric_param
                0x0000000080802430       0x1c cmd/built-in.o
 .text.parse_i2c_bus_addr
                0x000000008080244c       0x54 cmd/built-in.o
 .text.eeprom_write_enable
                0x00000000808024a0        0x4 cmd/built-in.o
                0x00000000808024a0                eeprom_write_enable
 .text.eeprom_init
                0x00000000808024a4       0x18 cmd/built-in.o
                0x00000000808024a4                eeprom_init
 .text.eeprom_read
                0x00000000808024bc       0x4c cmd/built-in.o
                0x00000000808024bc                eeprom_read
 .text.eeprom_write
                0x0000000080802508       0x6c cmd/built-in.o
                0x0000000080802508                eeprom_write
 .text.do_eeprom
                0x0000000080802574      0x108 cmd/built-in.o
                0x0000000080802574                do_eeprom
 .text.load_elf_image_shdr
                0x000000008080267c       0x4a cmd/built-in.o
 *fill*         0x00000000808026c6        0x2 
 .text.valid_elf_image
                0x00000000808026c8       0x30 cmd/built-in.o
                0x00000000808026c8                valid_elf_image
 .text.do_bootelf
                0x00000000808026f8       0xf0 cmd/built-in.o
                0x00000000808026f8                do_bootelf
 .text.do_bootvx
                0x00000000808027e8      0x23c cmd/built-in.o
                0x00000000808027e8                do_bootvx
 .text.do_exit  0x0000000080802a24       0x20 cmd/built-in.o
 .text.do_ext4_size
                0x0000000080802a44        0xe cmd/built-in.o
                0x0000000080802a44                do_ext4_size
 .text.do_ext4_load
                0x0000000080802a52        0xe cmd/built-in.o
                0x0000000080802a52                do_ext4_load
 .text.do_ext4_ls
                0x0000000080802a60        0xe cmd/built-in.o
                0x0000000080802a60                do_ext4_ls
 .text.do_ext4_write
                0x0000000080802a6e        0xe cmd/built-in.o
                0x0000000080802a6e                do_ext4_write
 .text.do_ext2load
                0x0000000080802a7c        0xe cmd/built-in.o
                0x0000000080802a7c                do_ext2load
 .text.do_ext2ls
                0x0000000080802a8a        0xe cmd/built-in.o
 .text.do_fat_size
                0x0000000080802a98        0xe cmd/built-in.o
                0x0000000080802a98                do_fat_size
 .text.do_fat_fsload
                0x0000000080802aa6        0xe cmd/built-in.o
                0x0000000080802aa6                do_fat_fsload
 .text.do_fat_ls
                0x0000000080802ab4        0xe cmd/built-in.o
 *fill*         0x0000000080802ac2        0x2 
 .text.do_fat_fsinfo
                0x0000000080802ac4       0x58 cmd/built-in.o
 .text.do_fat_fswrite
                0x0000000080802b1c       0xc0 cmd/built-in.o
 .text.fdt_valid
                0x0000000080802bdc       0x74 cmd/built-in.o
 .text.is_printable_string
                0x0000000080802c50       0x50 cmd/built-in.o
 .text.print_data
                0x0000000080802ca0      0x108 cmd/built-in.o
 .text.set_working_fdt_addr
                0x0000000080802da8       0x14 cmd/built-in.o
                0x0000000080802da8                set_working_fdt_addr
 .text.do_fdt   0x0000000080802dbc      0x984 cmd/built-in.o
 .text.do_size_wrapper
                0x0000000080803740        0xe cmd/built-in.o
 *fill*         0x000000008080374e        0x2 
 .text.do_load_wrapper
                0x0000000080803750       0x40 cmd/built-in.o
 .text.do_save_wrapper
                0x0000000080803790        0xe cmd/built-in.o
 .text.do_ls_wrapper
                0x000000008080379e        0xe cmd/built-in.o
 .text.do_fstype_wrapper
                0x00000000808037ac        0x4 cmd/built-in.o
 .text.gpio_get_description
                0x00000000808037b0       0x78 cmd/built-in.o
 .text.do_gpio  0x0000000080803828      0x210 cmd/built-in.o
 .text.do_i2c   0x0000000080803a38       0x3c cmd/built-in.o
 .text.do_i2c_bus_speed
                0x0000000080803a74       0x50 cmd/built-in.o
 .text.do_i2c_reset
                0x0000000080803ac4       0x20 cmd/built-in.o
 .text.do_i2c_probe
                0x0000000080803ae4       0x5c cmd/built-in.o
 .text.do_i2c_bus_num
                0x0000000080803b40       0x7c cmd/built-in.o
 .text.do_i2c_show_bus
                0x0000000080803bbc       0x8c cmd/built-in.o
 .text.get_alen.constprop.5
                0x0000000080803c48       0x1c cmd/built-in.o
 .text.do_i2c_crc
                0x0000000080803c64       0xb8 cmd/built-in.o
 .text.mod_i2c_mem.isra.3
                0x0000000080803d1c      0x148 cmd/built-in.o
 .text.do_i2c_nm
                0x0000000080803e64        0x6 cmd/built-in.o
 .text.do_i2c_mm
                0x0000000080803e6a        0x6 cmd/built-in.o
 .text.do_i2c_md
                0x0000000080803e70      0x13c cmd/built-in.o
 .text.do_i2c_read
                0x0000000080803fac       0x78 cmd/built-in.o
 .text.do_i2c_mw
                0x0000000080804024       0xa4 cmd/built-in.o
 .text.do_i2c_write
                0x00000000808040c8       0xdc cmd/built-in.o
 .text.do_i2c_loop
                0x00000000808041a4       0x9c cmd/built-in.o
 .text.i2c_init_board
                0x0000000080804240        0x2 cmd/built-in.o
                0x0000000080804240                i2c_init_board
 .text.evalexp  0x0000000080804242       0x48 cmd/built-in.o
 .text.evalstr  0x000000008080428a       0x3c cmd/built-in.o
 *fill*         0x00000000808042c6        0x2 
 .text.binary_test
                0x00000000808042c8      0x128 cmd/built-in.o
 .text.do_itest
                0x00000000808043f0       0x4c cmd/built-in.o
 .text.bin_data_init
                0x000000008080443c       0x1c cmd/built-in.o
 .text.k_data_save
                0x0000000080804458       0x34 cmd/built-in.o
 .text.k_data_restore
                0x000000008080448c       0x34 cmd/built-in.o
 .text.getcxmodem
                0x00000000808044c0       0x16 cmd/built-in.o
 *fill*         0x00000000808044d6        0x2 
 .text.load_serial_ymodem
                0x00000000808044d8       0x8c cmd/built-in.o
 .text.bin_data_char
                0x0000000080804564       0x1c cmd/built-in.o
 .text.chk1.constprop.1
                0x0000000080804580       0x20 cmd/built-in.o
 .text.s1_sendpacket.constprop.2
                0x00000000808045a0       0x34 cmd/built-in.o
 .text.load_serial
                0x00000000808045d4      0x134 cmd/built-in.o
 .text.do_load_serial
                0x0000000080804708       0x90 cmd/built-in.o
 .text.do_load_serial_bin
                0x0000000080804798      0x52c cmd/built-in.o
 .text.do_mem_mw
                0x0000000080804cc4       0x80 cmd/built-in.o
 .text.do_mem_loop
                0x0000000080804d44       0x82 cmd/built-in.o
 *fill*         0x0000000080804dc6        0x2 
 .text.do_mem_md
                0x0000000080804dc8       0xa0 cmd/built-in.o
 .text.do_mem_base
                0x0000000080804e68       0x28 cmd/built-in.o
 .text.do_mem_cp
                0x0000000080804e90       0x74 cmd/built-in.o
 .text.do_mem_cmp
                0x0000000080804f04       0xfc cmd/built-in.o
 .text.do_mem_crc
                0x0000000080805000       0x2c cmd/built-in.o
 .text.mod_mem.isra.0
                0x000000008080502c       0xf4 cmd/built-in.o
 .text.do_mem_mm
                0x0000000080805120        0x6 cmd/built-in.o
 .text.do_mem_nm
                0x0000000080805126        0x6 cmd/built-in.o
 .text.extract_range
                0x000000008080512c       0x7c cmd/built-in.o
 .text.do_mii   0x00000000808051a8      0x61c cmd/built-in.o
 .text.do_mdio  0x00000000808057c4      0x320 cmd/built-in.o
 .text.do_sleep
                0x0000000080805ae4       0x84 cmd/built-in.o
 .text.do_mmcops
                0x0000000080805b68       0x7c cmd/built-in.o
 .text.init_mmc_device
                0x0000000080805be4       0x34 cmd/built-in.o
 .text.do_mmc_rescan
                0x0000000080805c18       0x18 cmd/built-in.o
 .text.do_mmc_hwpartition
                0x0000000080805c30      0x3a4 cmd/built-in.o
 .text.do_mmc_list
                0x0000000080805fd4        0xc cmd/built-in.o
 .text.do_mmc_dev
                0x0000000080805fe0       0xcc cmd/built-in.o
 .text.do_mmc_part
                0x00000000808060ac       0x38 cmd/built-in.o
 .text.do_mmc_erase
                0x00000000808060e4       0x9c cmd/built-in.o
 .text.do_mmc_write
                0x0000000080806180       0xb0 cmd/built-in.o
 .text.do_mmc_read
                0x0000000080806230       0xa8 cmd/built-in.o
 .text.do_mmcinfo
                0x00000000808062d8      0x294 cmd/built-in.o
 .text.do_mmc_setdsr
                0x000000008080656c       0x74 cmd/built-in.o
 .text.netboot_common
                0x00000000808065e0      0x1c4 cmd/built-in.o
 .text.do_bootp
                0x00000000808067a4        0x8 cmd/built-in.o
 .text.do_dhcp  0x00000000808067ac        0x8 cmd/built-in.o
 .text.do_nfs   0x00000000808067b4        0x8 cmd/built-in.o
 .text.do_tftpb
                0x00000000808067bc       0x26 cmd/built-in.o
                0x00000000808067bc                do_tftpb
 *fill*         0x00000000808067e2        0x2 
 .text.do_ping  0x00000000808067e4       0x48 cmd/built-in.o
 .text.do_part_list
                0x000000008080682c       0xec cmd/built-in.o
 .text.do_part_start
                0x0000000080806918       0x84 cmd/built-in.o
 .text.do_part_size
                0x000000008080699c       0x84 cmd/built-in.o
 .text.do_part  0x0000000080806a20       0xb0 cmd/built-in.o
 .text.eol_or_eof
                0x0000000080806ad0       0x12 cmd/built-in.o
 *fill*         0x0000000080806ae2        0x2 
 .text.do_pxe   0x0000000080806ae4       0x48 cmd/built-in.o
 .text.label_print
                0x0000000080806b2c       0x14 cmd/built-in.o
 .text.do_get_tftp
                0x0000000080806b40       0x2c cmd/built-in.o
 .text.from_env
                0x0000000080806b6c       0x1c cmd/built-in.o
 .text.get_string
                0x0000000080806b88       0x84 cmd/built-in.o
 .text.label_destroy
                0x0000000080806c0c       0x3e cmd/built-in.o
 .text.destroy_pxe_menu
                0x0000000080806c4a       0x36 cmd/built-in.o
 .text.get_token
                0x0000000080806c80       0xa4 cmd/built-in.o
 .text.parse_sliteral
                0x0000000080806d24       0x34 cmd/built-in.o
 .text.parse_integer
                0x0000000080806d58       0x44 cmd/built-in.o
 .text.do_get_any
                0x0000000080806d9c       0x2c cmd/built-in.o
 .text.do_get_fat
                0x0000000080806dc8       0x28 cmd/built-in.o
 .text.do_get_ext2
                0x0000000080806df0       0x28 cmd/built-in.o
 .text.format_mac_pxe.constprop.6
                0x0000000080806e18       0x54 cmd/built-in.o
 .text.get_relfile
                0x0000000080806e6c       0xcc cmd/built-in.o
 .text.get_pxe_file
                0x0000000080806f38       0x3c cmd/built-in.o
 .text.handle_include
                0x0000000080806f74       0x64 cmd/built-in.o
 .text.parse_pxefile_top
                0x0000000080806fd8      0x308 cmd/built-in.o
 .text.parse_pxefile
                0x00000000808072e0       0x40 cmd/built-in.o
 .text.get_pxelinux_path
                0x0000000080807320       0x50 cmd/built-in.o
 .text.do_pxe_get
                0x0000000080807370       0xe4 cmd/built-in.o
 .text.get_relfile_envaddr
                0x0000000080807454       0x34 cmd/built-in.o
 .text.label_boot
                0x0000000080807488      0x3c0 cmd/built-in.o
 .text.handle_pxe_menu
                0x0000000080807848       0xd8 cmd/built-in.o
 .text.do_pxe_boot
                0x0000000080807920       0x94 cmd/built-in.o
 .text.do_sysboot
                0x00000000808079b4      0x13c cmd/built-in.o
 .text.bytes_per_second
                0x0000000080807af0       0x38 cmd/built-in.o
 .text.do_spi_flash
                0x0000000080807b28      0x548 cmd/built-in.o
 .text.do_spi   0x0000000080808070      0x1b4 cmd/built-in.o
                0x0000000080808070                do_spi
 .text.do_false
                0x0000000080808224        0x4 cmd/built-in.o
 .text.do_true  0x0000000080808228        0x4 cmd/built-in.o
 .text.do_test  0x000000008080822c      0x200 cmd/built-in.o
 .text.usb_get_class_desc
                0x000000008080842c       0x74 cmd/built-in.o
 .text.usb_find_device
                0x00000000808084a0       0x1e cmd/built-in.o
 *fill*         0x00000000808084be        0x2 
 .text.usb_show_tree_graph
                0x00000000808084c0      0x180 cmd/built-in.o
 .text.usb_display_class_sub
                0x0000000080808640       0xf4 cmd/built-in.o
 .text.usb_display_string
                0x0000000080808734       0x2c cmd/built-in.o
 .text.usb_display_config
                0x0000000080808760      0x1a8 cmd/built-in.o
 .text.do_usbboot
                0x0000000080808908        0xc cmd/built-in.o
 .text.usb_display_desc.part.1
                0x0000000080808914       0xd0 cmd/built-in.o
 .text.do_usb_start
                0x00000000808089e4       0x20 cmd/built-in.o
 .text.usb_show_tree
                0x0000000080808a04       0x30 cmd/built-in.o
                0x0000000080808a04                usb_show_tree
 .text.do_usb   0x0000000080808a34      0x4d4 cmd/built-in.o
 .text.common_diskboot
                0x0000000080808f08      0x1d0 cmd/built-in.o
                0x0000000080808f08                common_diskboot
 .text.do_fastboot
                0x00000000808090d8       0x94 cmd/built-in.o
 .text.do_imgextract
                0x000000008080916c      0x290 cmd/built-in.o
 .text.do_spl   0x00000000808093fc      0x100 cmd/built-in.o
 .text.do_dfu   0x00000000808094fc       0x88 cmd/built-in.o
 .text.extract_val
                0x0000000080809584       0x5c cmd/built-in.o
 .text.extract_env
                0x00000000808095e0       0x80 cmd/built-in.o
 .text.set_gpt_info.isra.1.constprop.2
                0x0000000080809660      0x2a0 cmd/built-in.o
 .text.do_gpt   0x0000000080809900      0x1dc cmd/built-in.o
 .text.do_env_delete
                0x0000000080809adc       0x6c cmd/built-in.o
 .text.do_env_exists
                0x0000000080809b48       0x40 cmd/built-in.o
 .text.do_env_save
                0x0000000080809b88       0x20 cmd/built-in.o
 .text.do_env   0x0000000080809ba8       0x3c cmd/built-in.o
 .text.env_print
                0x0000000080809be4       0x74 cmd/built-in.o
 .text.do_env_print
                0x0000000080809c58       0x80 cmd/built-in.o
 .text.do_env_import
                0x0000000080809cd8      0x190 cmd/built-in.o
 .text.do_env_default
                0x0000000080809e68       0x54 cmd/built-in.o
 .text._do_env_set.isra.0
                0x0000000080809ebc      0x12c cmd/built-in.o
 .text.do_env_set
                0x0000000080809fe8       0x14 cmd/built-in.o
 .text.do_env_ask
                0x0000000080809ffc       0xe8 cmd/built-in.o
                0x0000000080809ffc                do_env_ask
 .text.get_env_id
                0x000000008080a0e4        0xc cmd/built-in.o
                0x000000008080a0e4                get_env_id
 .text.setenv   0x000000008080a0f0       0x3c cmd/built-in.o
                0x000000008080a0f0                setenv
 .text.setenv_ulong
                0x000000008080a12c       0x16 cmd/built-in.o
                0x000000008080a12c                setenv_ulong
 *fill*         0x000000008080a142        0x2 
 .text.setenv_hex
                0x000000008080a144       0x20 cmd/built-in.o
                0x000000008080a144                setenv_hex
 .text.do_env_export
                0x000000008080a164      0x16c cmd/built-in.o
 .text.envmatch
                0x000000008080a2d0       0x3c cmd/built-in.o
                0x000000008080a2d0                envmatch
 .text.getenv_f
                0x000000008080a30c       0x84 cmd/built-in.o
                0x000000008080a30c                getenv_f
 .text.getenv   0x000000008080a390       0x54 cmd/built-in.o
                0x000000008080a390                getenv
 .text.getenv_hex
                0x000000008080a3e4       0x22 cmd/built-in.o
                0x000000008080a3e4                getenv_hex
 .text.getenv_ulong
                0x000000008080a406       0x1c cmd/built-in.o
                0x000000008080a406                getenv_ulong
 *fill*         0x000000008080a422        0x2 
 .text.do_env_edit.part.2
                0x000000008080a424       0x70 cmd/built-in.o
 .text.do_env_edit
                0x000000008080a494       0x1c cmd/built-in.o
 .text.board_init_f_alloc_reserve
                0x000000008080a4b0        0xa common/built-in.o
                0x000000008080a4b0                board_init_f_alloc_reserve
 .text.board_init_f_init_reserve
                0x000000008080a4ba       0x14 common/built-in.o
                0x000000008080a4ba                board_init_f_init_reserve
 .text.show_boot_progress
                0x000000008080a4ce        0x4 common/built-in.o
                0x000000008080a4ce                show_boot_progress
 *fill*         0x000000008080a4d2        0x2 
 .text.main_loop
                0x000000008080a4d4       0x34 common/built-in.o
                0x000000008080a4d4                main_loop
 .text.mdelay   0x000000008080a508       0x14 common/built-in.o
 .text.dummy    0x000000008080a51c        0x2 common/built-in.o
 .text.get_version
                0x000000008080a51e        0x4 common/built-in.o
                0x000000008080a51e                get_version
 *fill*         0x000000008080a522        0x2 
 .text.jumptable_init
                0x000000008080a524      0x198 common/built-in.o
                0x000000008080a524                jumptable_init
 .text.hash_finish_crc32
                0x000000008080a6bc       0x1c common/built-in.o
 .text.hash_update_crc32
                0x000000008080a6d8       0x14 common/built-in.o
 .text.hash_init_crc32
                0x000000008080a6ec       0x14 common/built-in.o
 .text.hash_finish_sha256
                0x000000008080a700       0x22 common/built-in.o
 .text.hash_update_sha256
                0x000000008080a722       0x10 common/built-in.o
 .text.hash_init_sha256
                0x000000008080a732       0x16 common/built-in.o
 .text.hash_finish_sha1
                0x000000008080a748       0x22 common/built-in.o
 .text.hash_update_sha1
                0x000000008080a76a       0x10 common/built-in.o
 .text.hash_init_sha1
                0x000000008080a77a       0x16 common/built-in.o
 .text.hash_lookup_algo
                0x000000008080a790       0x3c common/built-in.o
                0x000000008080a790                hash_lookup_algo
 .text.hash_command
                0x000000008080a7cc      0x128 common/built-in.o
                0x000000008080a7cc                hash_command
 .text.b_reset  0x000000008080a8f4        0xe common/built-in.o
 .text.static_get
                0x000000008080a902       0x12 common/built-in.o
 .text.file_peek
                0x000000008080a914        0x6 common/built-in.o
 *fill*         0x000000008080a91a        0x2 
 .text.mapset   0x000000008080a91c       0x14 common/built-in.o
 .text.syntax_err
                0x000000008080a930        0xc common/built-in.o
 .text.free_pipe_list
                0x000000008080a93c       0x96 common/built-in.o
 *fill*         0x000000008080a9d2        0x2 
 .text.xmalloc  0x000000008080a9d4       0x18 common/built-in.o
 .text.new_pipe
                0x000000008080a9ec       0x16 common/built-in.o
 *fill*         0x000000008080aa02        0x2 
 .text.xrealloc
                0x000000008080aa04       0x18 common/built-in.o
 .text.done_command
                0x000000008080aa1c       0x42 common/built-in.o
 .text.done_pipe
                0x000000008080aa5e       0x2a common/built-in.o
 .text.done_word
                0x000000008080aa88      0x1cc common/built-in.o
 .text.do_showvar
                0x000000008080ac54       0xa0 common/built-in.o
 .text.is_assignment
                0x000000008080acf4       0x2c common/built-in.o
 .text.file_get
                0x000000008080ad20      0x134 common/built-in.o
 .text.b_addchr
                0x000000008080ae54       0x42 common/built-in.o
 *fill*         0x000000008080ae96        0x2 
 .text.b_addqchr
                0x000000008080ae98       0x30 common/built-in.o
 .text.static_peek
                0x000000008080aec8        0x6 common/built-in.o
 *fill*         0x000000008080aece        0x2 
 .text.get_local_var
                0x000000008080aed0       0x58 common/built-in.o
                0x000000008080aed0                get_local_var
 .text.set_local_var
                0x000000008080af28      0x10c common/built-in.o
                0x000000008080af28                set_local_var
 .text.insert_var_value_sub
                0x000000008080b034      0x1c0 common/built-in.o
 .text.parse_string_outer
                0x000000008080b1f4       0x94 common/built-in.o
                0x000000008080b1f4                parse_string_outer
 .text.run_list_real
                0x000000008080b288      0x4d4 common/built-in.o
 .text.parse_stream_outer
                0x000000008080b75c      0x43c common/built-in.o
 .text.parse_file_outer
                0x000000008080bb98       0x2c common/built-in.o
                0x000000008080bb98                parse_file_outer
 .text.u_boot_hush_start
                0x000000008080bbc4       0x30 common/built-in.o
                0x000000008080bbc4                u_boot_hush_start
 .text.bootdelay_process
                0x000000008080bbf4       0x78 common/built-in.o
                0x000000008080bbf4                bootdelay_process
 .text.autoboot_command
                0x000000008080bc6c      0x164 common/built-in.o
                0x000000008080bc6c                autoboot_command
 .text.setup_mon_len
                0x000000008080bdd0       0x18 common/built-in.o
 .text.reserve_round_4k
                0x000000008080bde8       0x14 common/built-in.o
 .text.reserve_mmu
                0x000000008080bdfc       0x2e common/built-in.o
 .text.reserve_uboot
                0x000000008080be2a       0x2a common/built-in.o
 .text.reserve_malloc
                0x000000008080be54       0x14 common/built-in.o
 .text.setup_machine
                0x000000008080be68        0xe common/built-in.o
 .text.reserve_global_data
                0x000000008080be76       0x16 common/built-in.o
 .text.reserve_fdt
                0x000000008080be8c       0x3a common/built-in.o
 .text.initf_console_record
                0x000000008080bec6        0x4 common/built-in.o
 .text.init_func_watchdog_reset
                0x000000008080beca        0xa common/built-in.o
                0x000000008080beca                init_func_watchdog_reset
 .text.announce_dram_init
                0x000000008080bed4       0x10 common/built-in.o
 .text.init_func_i2c
                0x000000008080bee4       0x20 common/built-in.o
 .text.init_baud_rate
                0x000000008080bf04       0x1c common/built-in.o
 .text.mark_bootstage
                0x000000008080bf20        0xc common/built-in.o
 .text.initf_dm
                0x000000008080bf2c        0x6 common/built-in.o
 .text.setup_reloc
                0x000000008080bf32       0x26 common/built-in.o
 .text.reloc_fdt
                0x000000008080bf58       0x2c common/built-in.o
 .text.reserve_board
                0x000000008080bf84       0x28 common/built-in.o
 .text.reserve_arch
                0x000000008080bfac        0x4 common/built-in.o
                0x000000008080bfac                reserve_arch
 .text.display_text_info
                0x000000008080bfb0        0x4 common/built-in.o
 .text.arch_cpu_init
                0x000000008080bfb4        0x4 common/built-in.o
                0x000000008080bfb4                arch_cpu_init
 .text.mach_cpu_init
                0x000000008080bfb8        0x4 common/built-in.o
                0x000000008080bfb8                mach_cpu_init
 .text.reserve_video
                0x000000008080bfbc        0x4 common/built-in.o
 .text.reserve_trace
                0x000000008080bfc0        0x4 common/built-in.o
 .text.display_new_sp
                0x000000008080bfc4        0x4 common/built-in.o
 .text.init_func_watchdog_init
                0x000000008080bfc8        0xa common/built-in.o
 .text.coloured_LED_init
                0x000000008080bfd2        0x2 common/built-in.o
                0x000000008080bfd2                coloured_LED_init
 .text.red_led_on
                0x000000008080bfd4        0x2 common/built-in.o
                0x000000008080bfd4                red_led_on
 .text.board_add_ram_info
                0x000000008080bfd6        0x2 common/built-in.o
                0x000000008080bfd6                board_add_ram_info
 .text.show_dram_config
                0x000000008080bfd8       0x28 common/built-in.o
 .text.board_get_usable_ram_top
                0x000000008080c000       0x10 common/built-in.o
                0x000000008080c000                board_get_usable_ram_top
 .text.setup_dest_addr
                0x000000008080c010       0x30 common/built-in.o
 .text.reserve_stacks
                0x000000008080c040       0x1a common/built-in.o
 *fill*         0x000000008080c05a        0x2 
 .text.board_init_f
                0x000000008080c05c       0x20 common/built-in.o
                0x000000008080c05c                board_init_f
 .text.bootstage_relocate
                0x000000008080c07c        0x4 common/built-in.o
 .text.initr_reloc
                0x000000008080c080       0x14 common/built-in.o
 .text.power_init_board
                0x000000008080c094        0x4 common/built-in.o
                0x000000008080c094                power_init_board
 .text.initr_announce
                0x000000008080c098        0x4 common/built-in.o
 .text.run_main_loop
                0x000000008080c09c        0x8 common/built-in.o
 .text.initr_net
                0x000000008080c0a4       0x14 common/built-in.o
 .text.initr_ethaddr
                0x000000008080c0b8       0x18 common/built-in.o
 .text.initr_enable_interrupts
                0x000000008080c0d0        0xa common/built-in.o
 .text.initr_jumptable
                0x000000008080c0da        0xa common/built-in.o
 .text.initr_env
                0x000000008080c0e4       0x20 common/built-in.o
 .text.initr_mmc
                0x000000008080c104       0x18 common/built-in.o
 .text.initr_serial
                0x000000008080c11c        0xa common/built-in.o
 .text.initr_bootstage
                0x000000008080c126        0xc common/built-in.o
 .text.initr_dm
                0x000000008080c132       0x12 common/built-in.o
 .text.initr_malloc
                0x000000008080c144       0x1c common/built-in.o
 .text.initr_reloc_global_data
                0x000000008080c160       0x28 common/built-in.o
 .text.initr_caches
                0x000000008080c188        0xa common/built-in.o
 .text.initr_console_record
                0x000000008080c192        0x4 common/built-in.o
 .text.initr_trace
                0x000000008080c196        0x4 common/built-in.o
 .text.initr_barrier
                0x000000008080c19a        0x4 common/built-in.o
 .text.cpu_secondary_init_r
                0x000000008080c19e        0x2 common/built-in.o
                0x000000008080c19e                cpu_secondary_init_r
 .text.initr_secondary_cpu
                0x000000008080c1a0        0xa common/built-in.o
 *fill*         0x000000008080c1aa        0x2 
 .text.board_init_r
                0x000000008080c1ac       0x10 common/built-in.o
                0x000000008080c1ac                board_init_r
 .text.checkboard
                0x000000008080c1bc        0x4 common/built-in.o
                0x000000008080c1bc                checkboard
 .text.show_board_info
                0x000000008080c1c0        0x4 common/built-in.o
                0x000000008080c1c0                show_board_info
 .text.bootm_find_images
                0x000000008080c1c4       0x88 common/built-in.o
                0x000000008080c1c4                bootm_find_images
 .text.bootm_decomp_image
                0x000000008080c24c      0x100 common/built-in.o
                0x000000008080c24c                bootm_decomp_image
 .text.bootm_disable_interrupts
                0x000000008080c34c       0x10 common/built-in.o
                0x000000008080c34c                bootm_disable_interrupts
 .text.do_bootm_states
                0x000000008080c35c      0x690 common/built-in.o
                0x000000008080c35c                do_bootm_states
 .text.copy_args
                0x000000008080c9ec       0x3a common/built-in.o
 *fill*         0x000000008080ca26        0x2 
 .text.do_bootm_rtems
                0x000000008080ca28       0x34 common/built-in.o
 .text.do_bootm_plan9
                0x000000008080ca5c       0x70 common/built-in.o
 .text.do_bootm_standalone
                0x000000008080cacc       0x40 common/built-in.o
 .text.do_bootm_qnxelf
                0x000000008080cb0c       0x54 common/built-in.o
 .text.do_bootm_netbsd
                0x000000008080cb60       0xb0 common/built-in.o
 .text.do_bootvx_fdt
                0x000000008080cc10       0xc0 common/built-in.o
                0x000000008080cc10                do_bootvx_fdt
 .text.do_bootm_vxworks
                0x000000008080ccd0       0x1c common/built-in.o
 .text.arch_preboot_os
                0x000000008080ccec        0x2 common/built-in.o
                0x000000008080ccec                arch_preboot_os
 .text.boot_selected_os
                0x000000008080ccee       0x3a common/built-in.o
                0x000000008080ccee                boot_selected_os
 .text.bootm_os_get_boot_func
                0x000000008080cd28        0xc common/built-in.o
                0x000000008080cd28                bootm_os_get_boot_func
 .text.regex_callback
                0x000000008080cd34       0xd0 common/built-in.o
 .text.env_attr_walk
                0x000000008080ce04       0xbe common/built-in.o
                0x000000008080ce04                env_attr_walk
 *fill*         0x000000008080cec2        0x2 
 .text.env_attr_lookup
                0x000000008080cec4       0x50 common/built-in.o
                0x000000008080cec4                env_attr_lookup
 .text.clear_callback
                0x000000008080cf14        0x8 common/built-in.o
 .text.find_env_callback
                0x000000008080cf1c       0x3c common/built-in.o
 .text.on_callbacks
                0x000000008080cf58       0x38 common/built-in.o
 .text.set_callback
                0x000000008080cf90       0x50 common/built-in.o
 .text.env_callback_init
                0x000000008080cfe0       0x78 common/built-in.o
                0x000000008080cfe0                env_callback_init
 .text.skip_num
                0x000000008080d058       0x44 common/built-in.o
 .text.clear_flags
                0x000000008080d09c        0x8 common/built-in.o
 .text.on_flags
                0x000000008080d0a4       0x38 common/built-in.o
 .text.env_flags_parse_vartype
                0x000000008080d0dc       0x30 common/built-in.o
                0x000000008080d0dc                env_flags_parse_vartype
 .text.env_flags_parse_varaccess
                0x000000008080d10c       0x38 common/built-in.o
                0x000000008080d10c                env_flags_parse_varaccess
 .text.set_flags
                0x000000008080d144       0x68 common/built-in.o
 .text.eth_validate_ethaddr_str
                0x000000008080d1ac       0x50 common/built-in.o
                0x000000008080d1ac                eth_validate_ethaddr_str
 .text.env_flags_init
                0x000000008080d1fc       0x90 common/built-in.o
                0x000000008080d1fc                env_flags_init
 .text.env_flags_validate
                0x000000008080d28c      0x1c0 common/built-in.o
                0x000000008080d28c                env_flags_validate
 .text.mmc_get_env_addr
                0x000000008080d44c       0x12 common/built-in.o
                0x000000008080d44c                mmc_get_env_addr
 .text.mmc_get_env_dev
                0x000000008080d45e        0x4 common/built-in.o
                0x000000008080d45e                mmc_get_env_dev
 *fill*         0x000000008080d462        0x2 
 .text.fini_mmc_for_env.isra.0
                0x000000008080d464       0x1c common/built-in.o
 .text.env_init
                0x000000008080d480       0x14 common/built-in.o
                0x000000008080d480                env_init
 .text.mmc_get_env_part
                0x000000008080d494        0x4 common/built-in.o
                0x000000008080d494                mmc_get_env_part
 .text.init_mmc_for_env
                0x000000008080d498       0x58 common/built-in.o
 .text.saveenv  0x000000008080d4f0      0x108 common/built-in.o
                0x000000008080d4f0                saveenv
 .text.env_relocate_spec
                0x000000008080d5f8      0x1e0 common/built-in.o
                0x000000008080d5f8                env_relocate_spec
 .text.fdt_find_and_setprop
                0x000000008080d7d8       0x48 common/built-in.o
                0x000000008080d7d8                fdt_find_and_setprop
 .text.fdt_find_or_add_subnode
                0x000000008080d820       0x40 common/built-in.o
                0x000000008080d820                fdt_find_or_add_subnode
 .text.fdt_root
                0x000000008080d860       0x60 common/built-in.o
                0x000000008080d860                fdt_root
 .text.fdt_initrd
                0x000000008080d8c0      0x12c common/built-in.o
                0x000000008080d8c0                fdt_initrd
 .text.fdt_chosen
                0x000000008080d9ec       0x6c common/built-in.o
                0x000000008080d9ec                fdt_chosen
 .text.do_fixup_by_path
                0x000000008080da58       0x34 common/built-in.o
                0x000000008080da58                do_fixup_by_path
 .text.fdt_fixup_memory_banks
                0x000000008080da8c      0x124 common/built-in.o
                0x000000008080da8c                fdt_fixup_memory_banks
 .text.fdt_fixup_memory
                0x000000008080dbb0       0x16 common/built-in.o
                0x000000008080dbb0                fdt_fixup_memory
 *fill*         0x000000008080dbc6        0x2 
 .text.fdt_fixup_ethernet
                0x000000008080dbc8      0x108 common/built-in.o
                0x000000008080dbc8                fdt_fixup_ethernet
 .text.fdt_shrink_to_minimum
                0x000000008080dcd0       0x8a common/built-in.o
                0x000000008080dcd0                fdt_shrink_to_minimum
 *fill*         0x000000008080dd5a        0x2 
 .text.miiphy_get_dev_by_name
                0x000000008080dd5c       0x38 common/built-in.o
                0x000000008080dd5c                miiphy_get_dev_by_name
 .text.miiphy_init
                0x000000008080dd94       0x18 common/built-in.o
                0x000000008080dd94                miiphy_init
 .text.mdio_alloc
                0x000000008080ddac       0x1c common/built-in.o
                0x000000008080ddac                mdio_alloc
 .text.mdio_register
                0x000000008080ddc8       0x50 common/built-in.o
                0x000000008080ddc8                mdio_register
 .text.mdio_list_devices
                0x000000008080de18       0x74 common/built-in.o
                0x000000008080de18                mdio_list_devices
 .text.miiphy_set_current_dev
                0x000000008080de8c       0x28 common/built-in.o
                0x000000008080de8c                miiphy_set_current_dev
 .text.miiphy_get_active_dev
                0x000000008080deb4       0x30 common/built-in.o
 .text.mdio_get_current_dev
                0x000000008080dee4        0xc common/built-in.o
                0x000000008080dee4                mdio_get_current_dev
 .text.mdio_phydev_for_ethname
                0x000000008080def0       0x54 common/built-in.o
                0x000000008080def0                mdio_phydev_for_ethname
 .text.miiphy_get_current_dev
                0x000000008080df44       0x10 common/built-in.o
                0x000000008080df44                miiphy_get_current_dev
 .text.miiphy_read
                0x000000008080df54       0x28 common/built-in.o
                0x000000008080df54                miiphy_read
 .text.miiphy_write
                0x000000008080df7c       0x24 common/built-in.o
                0x000000008080df7c                miiphy_write
 .text.miiphy_listdev
                0x000000008080dfa0       0x54 common/built-in.o
                0x000000008080dfa0                miiphy_listdev
 .text.miiphy_info
                0x000000008080dff4       0x5c common/built-in.o
                0x000000008080dff4                miiphy_info
 .text.miiphy_is_1000base_x
                0x000000008080e050       0x30 common/built-in.o
                0x000000008080e050                miiphy_is_1000base_x
 .text.miiphy_speed
                0x000000008080e080       0xbc common/built-in.o
                0x000000008080e080                miiphy_speed
 .text.miiphy_duplex
                0x000000008080e13c       0xd0 common/built-in.o
                0x000000008080e13c                miiphy_duplex
 .text.usb_set_maxpacket_ep
                0x000000008080e20c       0x54 common/built-in.o
 .text.usb_stop
                0x000000008080e260       0x38 common/built-in.o
                0x000000008080e260                usb_stop
 .text.usb_disable_asynch
                0x000000008080e298       0x14 common/built-in.o
                0x000000008080e298                usb_disable_asynch
 .text.usb_control_msg
                0x000000008080e2ac       0x84 common/built-in.o
                0x000000008080e2ac                usb_control_msg
 .text.usb_get_descriptor
                0x000000008080e330       0x36 common/built-in.o
 *fill*         0x000000008080e366        0x2 
 .text.get_descriptor_len
                0x000000008080e368       0x60 common/built-in.o
 .text.usb_get_string
                0x000000008080e3c8       0x50 common/built-in.o
 .text.usb_string_sub
                0x000000008080e418       0x94 common/built-in.o
 .text.usb_bulk_msg
                0x000000008080e4ac       0x48 common/built-in.o
                0x000000008080e4ac                usb_bulk_msg
 .text.usb_maxpacket
                0x000000008080e4f4       0x1a common/built-in.o
                0x000000008080e4f4                usb_maxpacket
 .text.usb_clear_halt
                0x000000008080e50e       0x5c common/built-in.o
                0x000000008080e50e                usb_clear_halt
 *fill*         0x000000008080e56a        0x2 
 .text.usb_get_configuration_len
                0x000000008080e56c       0x50 common/built-in.o
                0x000000008080e56c                usb_get_configuration_len
 .text.usb_get_configuration_no
                0x000000008080e5bc       0x1c common/built-in.o
                0x000000008080e5bc                usb_get_configuration_no
 .text.usb_set_interface
                0x000000008080e5d8       0x78 common/built-in.o
                0x000000008080e5d8                usb_set_interface
 .text.usb_string
                0x000000008080e650       0x9c common/built-in.o
                0x000000008080e650                usb_string
 .text.usb_get_dev_index
                0x000000008080e6ec       0x18 common/built-in.o
                0x000000008080e6ec                usb_get_dev_index
 .text.usb_alloc_new_device
                0x000000008080e704       0x64 common/built-in.o
                0x000000008080e704                usb_alloc_new_device
 .text.usb_free_device
                0x000000008080e768       0x30 common/built-in.o
                0x000000008080e768                usb_free_device
 .text.usb_alloc_device
                0x000000008080e798        0x4 common/built-in.o
                0x000000008080e798                usb_alloc_device
 .text.usb_select_config
                0x000000008080e79c      0x324 common/built-in.o
                0x000000008080e79c                usb_select_config
 .text.usb_setup_device
                0x000000008080eac0      0x104 common/built-in.o
                0x000000008080eac0                usb_setup_device
 .text.usb_new_device
                0x000000008080ebc4       0x1e common/built-in.o
                0x000000008080ebc4                usb_new_device
 *fill*         0x000000008080ebe2        0x2 
 .text.usb_init
                0x000000008080ebe4       0xdc common/built-in.o
                0x000000008080ebe4                usb_init
 .text.board_usb_init
                0x000000008080ecc0        0x4 common/built-in.o
                0x000000008080ecc0                board_usb_init
 .text.board_usb_cleanup
                0x000000008080ecc4        0x4 common/built-in.o
                0x000000008080ecc4                board_usb_cleanup
 .text.usb_device_has_child_on_port
                0x000000008080ecc8       0x10 common/built-in.o
                0x000000008080ecc8                usb_device_has_child_on_port
 .text.usb_find_usb2_hub_address_port
                0x000000008080ecd8       0x38 common/built-in.o
                0x000000008080ecd8                usb_find_usb2_hub_address_port
 .text.usb_set_port_feature
                0x000000008080ed10       0x2e common/built-in.o
 .text.usb_clear_port_feature
                0x000000008080ed3e       0x2e common/built-in.o
 .text.usb_get_hub_descriptor
                0x000000008080ed6c       0x34 common/built-in.o
 .text.usb_hub_reset_devices
                0x000000008080eda0        0x2 common/built-in.o
                0x000000008080eda0                usb_hub_reset_devices
 .text.usb_get_port_status
                0x000000008080eda2       0x30 common/built-in.o
                0x000000008080eda2                usb_get_port_status
 *fill*         0x000000008080edd2        0x2 
 .text.usb_hub_reset
                0x000000008080edd4       0x18 common/built-in.o
                0x000000008080edd4                usb_hub_reset
 .text.legacy_hub_port_reset
                0x000000008080edec       0x78 common/built-in.o
                0x000000008080edec                legacy_hub_port_reset
 .text.usb_hub_port_connect_change
                0x000000008080ee64       0xf8 common/built-in.o
                0x000000008080ee64                usb_hub_port_connect_change
 .text.usb_hub_configure
                0x000000008080ef5c      0x33c common/built-in.o
 .text.usb_hub_probe
                0x000000008080f298       0x3a common/built-in.o
                0x000000008080f298                usb_hub_probe
 .text.usb_stor_irq
                0x000000008080f2d2       0x10 common/built-in.o
 .text.usb_stor_BBB_reset
                0x000000008080f2e2       0xac common/built-in.o
 *fill*         0x000000008080f38e        0x2 
 .text.usb_stor_CB_reset
                0x000000008080f390       0x90 common/built-in.o
 .text.usb_stor_BBB_clear_endpt_stall.isra.2
                0x000000008080f420       0x2c common/built-in.o
 .text.usb_stor_BBB_transport
                0x000000008080f44c      0x1b0 common/built-in.o
 .text.usb_stor_CB_comdat
                0x000000008080f5fc      0x154 common/built-in.o
 .text.usb_stor_CBI_get_status.isra.4
                0x000000008080f750       0x84 common/built-in.o
 .text.usb_stor_CB_transport
                0x000000008080f7d4      0x170 common/built-in.o
 .text.usb_request_sense.constprop.10
                0x000000008080f944       0x4c common/built-in.o
 .text.usb_stor_read
                0x000000008080f990       0xf8 common/built-in.o
 .text.usb_stor_write
                0x000000008080fa88       0xf8 common/built-in.o
 .text.usb_stor_info
                0x000000008080fb80       0x4c common/built-in.o
                0x000000008080fb80                usb_stor_info
 .text.usb_storage_probe
                0x000000008080fbcc      0x15c common/built-in.o
                0x000000008080fbcc                usb_storage_probe
 .text.usb_stor_get_info
                0x000000008080fd28      0x228 common/built-in.o
                0x000000008080fd28                usb_stor_get_info
 .text.usb_stor_scan
                0x000000008080ff50      0x14c common/built-in.o
                0x000000008080ff50                usb_stor_scan
 .text.menu_display_statusline
                0x000000008081009c        0x2 common/built-in.o
                0x000000008081009c                menu_display_statusline
 .text.menu_default_set
                0x000000008081009e       0x52 common/built-in.o
                0x000000008081009e                menu_default_set
 .text.menu_get_choice
                0x00000000808100f0      0x124 common/built-in.o
                0x00000000808100f0                menu_get_choice
 .text.menu_item_add
                0x0000000080810214       0x86 common/built-in.o
                0x0000000080810214                menu_item_add
 .text.menu_create
                0x000000008081029a       0x54 common/built-in.o
                0x000000008081029a                menu_create
 .text.menu_destroy
                0x00000000808102ee       0x44 common/built-in.o
                0x00000000808102ee                menu_destroy
 *fill*         0x0000000080810332        0x2 
 .text.update_tftp
                0x0000000080810334      0x238 common/built-in.o
                0x0000000080810334                update_tftp
 .text.env_get_char_spec
                0x000000008081056c        0x8 common/built-in.o
                0x000000008081056c                env_get_char_spec
 .text.env_get_addr
                0x0000000080810574       0x18 common/built-in.o
                0x0000000080810574                env_get_addr
 .text.env_get_char_memory
                0x000000008081058c        0xa common/built-in.o
                0x000000008081058c                env_get_char_memory
 *fill*         0x0000000080810596        0x2 
 .text.env_get_char
                0x0000000080810598       0x20 common/built-in.o
                0x0000000080810598                env_get_char
 .text.getenv_yesno
                0x00000000808105b8       0x2a common/built-in.o
                0x00000000808105b8                getenv_yesno
 .text.getenv_default
                0x00000000808105e2       0x2a common/built-in.o
                0x00000000808105e2                getenv_default
 .text.set_default_env
                0x000000008081060c       0x8c common/built-in.o
                0x000000008081060c                set_default_env
 .text.set_default_vars
                0x0000000080810698       0x28 common/built-in.o
                0x0000000080810698                set_default_vars
 .text.env_import
                0x00000000808106c0       0x94 common/built-in.o
                0x00000000808106c0                env_import
 .text.env_export
                0x0000000080810754       0x68 common/built-in.o
                0x0000000080810754                env_export
 .text.env_relocate
                0x00000000808107bc       0x28 common/built-in.o
                0x00000000808107bc                env_relocate
 .text.env_complete
                0x00000000808107e4       0x90 common/built-in.o
                0x00000000808107e4                env_complete
 .text.console_setfile
                0x0000000080810874       0x74 common/built-in.o
 .text.putc     0x00000000808108e8       0x24 common/built-in.o
                0x00000000808108e8                putc
 .text.puts     0x000000008081090c       0x24 common/built-in.o
                0x000000008081090c                puts
 .text.fgetc    0x0000000080810930       0x18 common/built-in.o
                0x0000000080810930                fgetc
 .text.getc     0x0000000080810948       0x1a common/built-in.o
                0x0000000080810948                getc
 *fill*         0x0000000080810962        0x2 
 .text.ftstc    0x0000000080810964       0x18 common/built-in.o
                0x0000000080810964                ftstc
 .text.tstc     0x000000008081097c       0x1a common/built-in.o
                0x000000008081097c                tstc
 *fill*         0x0000000080810996        0x2 
 .text.ctrlc    0x0000000080810998       0x38 common/built-in.o
                0x0000000080810998                ctrlc
 .text.disable_ctrlc
                0x00000000808109d0       0x10 common/built-in.o
                0x00000000808109d0                disable_ctrlc
 .text.had_ctrlc
                0x00000000808109e0        0xc common/built-in.o
                0x00000000808109e0                had_ctrlc
 .text.clear_ctrlc
                0x00000000808109ec        0xc common/built-in.o
                0x00000000808109ec                clear_ctrlc
 .text.search_device
                0x00000000808109f8       0x16 common/built-in.o
                0x00000000808109f8                search_device
 .text.console_assign
                0x0000000080810a0e       0x2a common/built-in.o
                0x0000000080810a0e                console_assign
 .text.on_console
                0x0000000080810a38       0x70 common/built-in.o
 .text.console_init_f
                0x0000000080810aa8        0xa common/built-in.o
                0x0000000080810aa8                console_init_f
 *fill*         0x0000000080810ab2        0x2 
 .text.console_init_r
                0x0000000080810ab4       0x88 common/built-in.o
                0x0000000080810ab4                console_init_r
 .text.sbrk     0x0000000080810b3c       0x44 common/built-in.o
                0x0000000080810b3c                sbrk
 .text.mem_malloc_init
                0x0000000080810b80       0x28 common/built-in.o
                0x0000000080810b80                mem_malloc_init
 .text.malloc_trim
                0x0000000080810ba8       0x80 common/built-in.o
                0x0000000080810ba8                malloc_trim
 .text.free     0x0000000080810c28      0x168 common/built-in.o
                0x0000000080810c28                free
 .text.malloc   0x0000000080810d90      0x3fc common/built-in.o
                0x0000000080810d90                malloc
 .text.calloc   0x000000008081118c       0xbc common/built-in.o
                0x000000008081118c                calloc
 .text.realloc  0x0000000080811248      0x2e4 common/built-in.o
                0x0000000080811248                realloc
 .text.memalign
                0x000000008081152c      0x10e common/built-in.o
                0x000000008081152c                memalign
 .text.initf_malloc
                0x000000008081163a       0x14 common/built-in.o
                0x000000008081163a                initf_malloc
 .text.malloc_simple
                0x000000008081164e       0x28 common/built-in.o
                0x000000008081164e                malloc_simple
 *fill*         0x0000000080811676        0x2 
 .text.on_loadaddr
                0x0000000080811678       0x20 common/built-in.o
 .text.image_check_hcrc
                0x0000000080811698       0x2a common/built-in.o
                0x0000000080811698                image_check_hcrc
 .text.image_check_dcrc
                0x00000000808116c2       0x22 common/built-in.o
                0x00000000808116c2                image_check_dcrc
 .text.image_multi_count
                0x00000000808116e4       0x12 common/built-in.o
                0x00000000808116e4                image_multi_count
 .text.image_multi_getimg
                0x00000000808116f6       0x4c common/built-in.o
                0x00000000808116f6                image_multi_getimg
 *fill*         0x0000000080811742        0x2 
 .text.getenv_bootm_low
                0x0000000080811744       0x20 common/built-in.o
                0x0000000080811744                getenv_bootm_low
 .text.getenv_bootm_size
                0x0000000080811764       0x44 common/built-in.o
                0x0000000080811764                getenv_bootm_size
 .text.getenv_bootm_mapsize
                0x00000000808117a8       0x20 common/built-in.o
                0x00000000808117a8                getenv_bootm_mapsize
 .text.memmove_wd
                0x00000000808117c8       0x4c common/built-in.o
                0x00000000808117c8                memmove_wd
 .text.genimg_print_size
                0x0000000080811814       0x24 common/built-in.o
                0x0000000080811814                genimg_print_size
 .text.genimg_print_time
                0x0000000080811838       0x2c common/built-in.o
                0x0000000080811838                genimg_print_time
 .text.get_table_entry
                0x0000000080811864       0x12 common/built-in.o
                0x0000000080811864                get_table_entry
 .text.get_table_entry_name
                0x0000000080811876       0x14 common/built-in.o
                0x0000000080811876                get_table_entry_name
 *fill*         0x000000008081188a        0x2 
 .text.genimg_get_os_name
                0x000000008081188c       0x14 common/built-in.o
                0x000000008081188c                genimg_get_os_name
 .text.genimg_get_arch_name
                0x00000000808118a0       0x14 common/built-in.o
                0x00000000808118a0                genimg_get_arch_name
 .text.genimg_get_type_name
                0x00000000808118b4       0x14 common/built-in.o
                0x00000000808118b4                genimg_get_type_name
 .text.genimg_get_comp_name
                0x00000000808118c8       0x14 common/built-in.o
                0x00000000808118c8                genimg_get_comp_name
 .text.image_print_contents
                0x00000000808118dc      0x128 common/built-in.o
                0x00000000808118dc                image_print_contents
 .text.get_table_entry_id
                0x0000000080811a04       0x26 common/built-in.o
                0x0000000080811a04                get_table_entry_id
 *fill*         0x0000000080811a2a        0x2 
 .text.genimg_get_os_id
                0x0000000080811a2c       0x14 common/built-in.o
                0x0000000080811a2c                genimg_get_os_id
 .text.genimg_get_arch_id
                0x0000000080811a40       0x14 common/built-in.o
                0x0000000080811a40                genimg_get_arch_id
 .text.genimg_get_type_id
                0x0000000080811a54       0x14 common/built-in.o
                0x0000000080811a54                genimg_get_type_id
 .text.genimg_get_comp_id
                0x0000000080811a68       0x14 common/built-in.o
                0x0000000080811a68                genimg_get_comp_id
 .text.genimg_get_kernel_addr_fit
                0x0000000080811a7c       0x40 common/built-in.o
                0x0000000080811a7c                genimg_get_kernel_addr_fit
 .text.genimg_get_kernel_addr
                0x0000000080811abc       0x18 common/built-in.o
                0x0000000080811abc                genimg_get_kernel_addr
 .text.genimg_get_format
                0x0000000080811ad4       0x30 common/built-in.o
                0x0000000080811ad4                genimg_get_format
 .text.genimg_get_image
                0x0000000080811b04        0x2 common/built-in.o
                0x0000000080811b04                genimg_get_image
 .text.genimg_has_config
                0x0000000080811b06        0xa common/built-in.o
                0x0000000080811b06                genimg_has_config
 .text.boot_get_ramdisk
                0x0000000080811b10      0x254 common/built-in.o
                0x0000000080811b10                boot_get_ramdisk
 .text.boot_ramdisk_high
                0x0000000080811d64       0xcc common/built-in.o
                0x0000000080811d64                boot_ramdisk_high
 .text.boot_get_setup
                0x0000000080811e30        0x4 common/built-in.o
                0x0000000080811e30                boot_get_setup
 .text.boot_get_loadable
                0x0000000080811e34       0xe8 common/built-in.o
                0x0000000080811e34                boot_get_loadable
 .text.image_setup_linux
                0x0000000080811f1c       0x42 common/built-in.o
                0x0000000080811f1c                image_setup_linux
 *fill*         0x0000000080811f5e        0x2 
 .text.android_image_get_kernel
                0x0000000080811f60       0xf4 common/built-in.o
                0x0000000080811f60                android_image_get_kernel
 .text.android_image_check_header
                0x0000000080812054       0x10 common/built-in.o
                0x0000000080812054                android_image_check_header
 .text.android_image_get_end
                0x0000000080812064       0x2a common/built-in.o
                0x0000000080812064                android_image_get_end
 *fill*         0x000000008081208e        0x2 
 .text.android_image_get_kload
                0x0000000080812090       0x14 common/built-in.o
                0x0000000080812090                android_image_get_kload
 .text.android_image_get_ramdisk
                0x00000000808120a4       0x44 common/built-in.o
                0x00000000808120a4                android_image_get_ramdisk
 .text.android_print_contents
                0x00000000808120e8       0xa0 common/built-in.o
                0x00000000808120e8                android_print_contents
 .text.fdt_error
                0x0000000080812188       0x24 common/built-in.o
 .text.boot_fdt_add_mem_rsv_regions
                0x00000000808121ac       0x5c common/built-in.o
                0x00000000808121ac                boot_fdt_add_mem_rsv_regions
 .text.boot_relocate_fdt
                0x0000000080812208      0x10c common/built-in.o
                0x0000000080812208                boot_relocate_fdt
 .text.boot_get_fdt
                0x0000000080812314      0x258 common/built-in.o
                0x0000000080812314                boot_get_fdt
 .text.ft_verify_fdt
                0x000000008081256c        0x4 common/built-in.o
                0x000000008081256c                ft_verify_fdt
 .text.image_setup_libfdt
                0x0000000080812570       0xb0 common/built-in.o
                0x0000000080812570                image_setup_libfdt
 .text.fit_image_get_address
                0x0000000080812620       0x3c common/built-in.o
 .text.fit_parse_conf
                0x000000008081265c       0x3e common/built-in.o
                0x000000008081265c                fit_parse_conf
 .text.fit_parse_subimage
                0x000000008081269a       0x3e common/built-in.o
                0x000000008081269a                fit_parse_subimage
 .text.fit_get_desc
                0x00000000808126d8       0x20 common/built-in.o
                0x00000000808126d8                fit_get_desc
 .text.fit_get_timestamp
                0x00000000808126f8       0x30 common/built-in.o
                0x00000000808126f8                fit_get_timestamp
 .text.fit_image_get_node
                0x0000000080812728       0x24 common/built-in.o
                0x0000000080812728                fit_image_get_node
 .text.fit_image_get_os
                0x000000008081274c       0x28 common/built-in.o
                0x000000008081274c                fit_image_get_os
 .text.fit_image_get_arch
                0x0000000080812774       0x28 common/built-in.o
                0x0000000080812774                fit_image_get_arch
 .text.fit_image_get_type
                0x000000008081279c       0x28 common/built-in.o
                0x000000008081279c                fit_image_get_type
 .text.fit_image_get_comp
                0x00000000808127c4       0x28 common/built-in.o
                0x00000000808127c4                fit_image_get_comp
 .text.fit_image_get_load
                0x00000000808127ec        0xc common/built-in.o
                0x00000000808127ec                fit_image_get_load
 .text.fit_image_get_entry
                0x00000000808127f8        0xc common/built-in.o
                0x00000000808127f8                fit_image_get_entry
 .text.fit_image_get_data
                0x0000000080812804       0x28 common/built-in.o
                0x0000000080812804                fit_image_get_data
 .text.fit_image_hash_get_algo
                0x000000008081282c       0x20 common/built-in.o
                0x000000008081282c                fit_image_hash_get_algo
 .text.fit_image_hash_get_value
                0x000000008081284c       0x28 common/built-in.o
                0x000000008081284c                fit_image_hash_get_value
 .text.fit_image_print_data
                0x0000000080812874      0x108 common/built-in.o
 .text.fit_image_print
                0x000000008081297c      0x24c common/built-in.o
                0x000000008081297c                fit_image_print
 .text.fit_get_end
                0x0000000080812bc8        0x8 common/built-in.o
                0x0000000080812bc8                fit_get_end
 .text.calculate_hash
                0x0000000080812bd0       0xa8 common/built-in.o
                0x0000000080812bd0                calculate_hash
 .text.fit_image_verify
                0x0000000080812c78      0x158 common/built-in.o
                0x0000000080812c78                fit_image_verify
 .text.fit_all_image_verify
                0x0000000080812dd0       0xa4 common/built-in.o
                0x0000000080812dd0                fit_all_image_verify
 .text.fit_image_check_os
                0x0000000080812e74       0x20 common/built-in.o
                0x0000000080812e74                fit_image_check_os
 .text.fit_image_check_arch
                0x0000000080812e94       0x2c common/built-in.o
                0x0000000080812e94                fit_image_check_arch
 .text.fit_image_check_type
                0x0000000080812ec0       0x20 common/built-in.o
                0x0000000080812ec0                fit_image_check_type
 .text.fit_image_check_comp
                0x0000000080812ee0       0x20 common/built-in.o
                0x0000000080812ee0                fit_image_check_comp
 .text.fit_check_format
                0x0000000080812f00       0x40 common/built-in.o
                0x0000000080812f00                fit_check_format
 .text.fit_conf_get_node
                0x0000000080812f40       0x40 common/built-in.o
                0x0000000080812f40                fit_conf_get_node
 .text.fit_conf_get_prop_node
                0x0000000080812f80       0x1c common/built-in.o
                0x0000000080812f80                fit_conf_get_prop_node
 .text.fit_conf_print
                0x0000000080812f9c      0x114 common/built-in.o
                0x0000000080812f9c                fit_conf_print
 .text.fit_print_contents
                0x00000000808130b0      0x17c common/built-in.o
                0x00000000808130b0                fit_print_contents
 .text.fit_get_node_from_config
                0x000000008081322c       0x2a common/built-in.o
                0x000000008081322c                fit_get_node_from_config
 *fill*         0x0000000080813256        0x2 
 .text.fit_image_load
                0x0000000080813258      0x3a4 common/built-in.o
                0x0000000080813258                fit_image_load
 .text.boot_get_setup_fit
                0x00000000808135fc       0x40 common/built-in.o
                0x00000000808135fc                boot_get_setup_fit
 .text.get_ram_size
                0x000000008081363c       0x90 common/built-in.o
                0x000000008081363c                get_ram_size
 .text.get_effective_memsize
                0x00000000808136cc        0x6 common/built-in.o
                0x00000000808136cc                get_effective_memsize
 .text.stdio_serial_tstc
                0x00000000808136d2        0x4 common/built-in.o
 .text.stdio_serial_getc
                0x00000000808136d6        0x4 common/built-in.o
 .text.stdio_serial_puts
                0x00000000808136da        0x6 common/built-in.o
 .text.stdio_serial_putc
                0x00000000808136e0        0x6 common/built-in.o
 *fill*         0x00000000808136e6        0x2 
 .text.stdio_get_list
                0x00000000808136e8        0x8 common/built-in.o
                0x00000000808136e8                stdio_get_list
 .text.stdio_get_by_name
                0x00000000808136f0       0x30 common/built-in.o
                0x00000000808136f0                stdio_get_by_name
 .text.stdio_clone
                0x0000000080813720       0x22 common/built-in.o
                0x0000000080813720                stdio_clone
 *fill*         0x0000000080813742        0x2 
 .text.stdio_register_dev
                0x0000000080813744       0x30 common/built-in.o
                0x0000000080813744                stdio_register_dev
 .text.stdio_register
                0x0000000080813774        0x6 common/built-in.o
                0x0000000080813774                stdio_register
 *fill*         0x000000008081377a        0x2 
 .text.stdio_init_tables
                0x000000008081377c       0x14 common/built-in.o
                0x000000008081377c                stdio_init_tables
 .text.stdio_add_devices
                0x0000000080813790       0x54 common/built-in.o
                0x0000000080813790                stdio_add_devices
 .text.cli_simple_process_macros
                0x00000000808137e4      0x124 common/built-in.o
                0x00000000808137e4                cli_simple_process_macros
 .text.run_command
                0x0000000080813908        0xe common/built-in.o
                0x0000000080813908                run_command
 .text.run_command_list
                0x0000000080813916       0x46 common/built-in.o
                0x0000000080813916                run_command_list
 .text.do_run   0x000000008081395c       0x50 common/built-in.o
                0x000000008081395c                do_run
 .text.cli_loop
                0x00000000808139ac        0x8 common/built-in.o
                0x00000000808139ac                cli_loop
 .text.cli_init
                0x00000000808139b4        0x4 common/built-in.o
                0x00000000808139b4                cli_init
 .text.delete_char.part.0
                0x00000000808139b8       0x88 common/built-in.o
 .text.cread_add_char
                0x0000000080813a40       0x80 common/built-in.o
 .text.cli_readline_into_buffer
                0x0000000080813ac0      0x69c common/built-in.o
                0x0000000080813ac0                cli_readline_into_buffer
 .text.cli_readline
                0x000000008081415c       0x10 common/built-in.o
                0x000000008081415c                cli_readline
 .text.run_usb_dnl_gadget
                0x000000008081416c       0xe4 common/built-in.o
                0x000000008081416c                run_usb_dnl_gadget
 .text.find_cmd_tbl
                0x0000000080814250       0x64 common/built-in.o
                0x0000000080814250                find_cmd_tbl
 .text.find_cmd
                0x00000000808142b4       0x1c common/built-in.o
                0x00000000808142b4                find_cmd
 .text.cmd_usage
                0x00000000808142d0       0x3c common/built-in.o
                0x00000000808142d0                cmd_usage
 .text._do_help
                0x000000008081430c      0x104 common/built-in.o
                0x000000008081430c                _do_help
 .text.var_complete
                0x0000000080814410       0x48 common/built-in.o
                0x0000000080814410                var_complete
 .text.cmd_auto_complete
                0x0000000080814458      0x2f0 common/built-in.o
                0x0000000080814458                cmd_auto_complete
 .text.cmd_get_data_size
                0x0000000080814748       0x38 common/built-in.o
                0x0000000080814748                cmd_get_data_size
 .text.cmd_process
                0x0000000080814780       0x94 common/built-in.o
                0x0000000080814780                cmd_process
 .text.cmd_process_error
                0x0000000080814814       0x1c common/built-in.o
                0x0000000080814814                cmd_process_error
 .text.hex1_bin
                0x0000000080814830       0x2a common/built-in.o
 .text.hex2_bin
                0x000000008081485a       0x24 common/built-in.o
 .text.srec_decode
                0x000000008081487e      0x184 common/built-in.o
                0x000000008081487e                srec_decode
 .text.CYGACC_COMM_IF_GETC_TIMEOUT.isra.0
                0x0000000080814a02       0x2e common/built-in.o
 .text.xyzModem_flush
                0x0000000080814a30       0x14 common/built-in.o
 .text.xyzModem_get_hdr
                0x0000000080814a44      0x170 common/built-in.o
 .text.xyzModem_stream_open
                0x0000000080814bb4      0x17c common/built-in.o
                0x0000000080814bb4                xyzModem_stream_open
 .text.xyzModem_stream_read
                0x0000000080814d30      0x1c0 common/built-in.o
                0x0000000080814d30                xyzModem_stream_read
 .text.xyzModem_stream_close
                0x0000000080814ef0       0x40 common/built-in.o
                0x0000000080814ef0                xyzModem_stream_close
 .text.xyzModem_stream_terminate
                0x0000000080814f30       0x68 common/built-in.o
                0x0000000080814f30                xyzModem_stream_terminate
 .text.xyzModem_error
                0x0000000080814f98       0x18 common/built-in.o
                0x0000000080814f98                xyzModem_error
 .text.blk_get_dev
                0x0000000080814fb0       0x1c disk/built-in.o
                0x0000000080814fb0                blk_get_dev
 .text.dev_print
                0x0000000080814fcc      0x154 disk/built-in.o
                0x0000000080814fcc                dev_print
 .text.part_init
                0x0000000080815120       0x2c disk/built-in.o
                0x0000000080815120                part_init
 .text.part_print
                0x000000008081514c       0xb8 disk/built-in.o
                0x000000008081514c                part_print
 .text.part_get_info
                0x0000000080815204       0x44 disk/built-in.o
                0x0000000080815204                part_get_info
 .text.blk_get_device_by_str
                0x0000000080815248       0xcc disk/built-in.o
                0x0000000080815248                blk_get_device_by_str
 .text.blk_get_device_part_str
                0x0000000080815314      0x260 disk/built-in.o
                0x0000000080815314                blk_get_device_part_str
 .text.part_set_generic_name
                0x0000000080815574       0x34 disk/built-in.o
                0x0000000080815574                part_set_generic_name
 .text.test_block_type
                0x00000000808155a8       0x50 disk/built-in.o
 .text.print_partition_extended
                0x00000000808155f8      0x1b8 disk/built-in.o
 .text.part_print_dos
                0x00000000808157b0       0x20 disk/built-in.o
                0x00000000808157b0                part_print_dos
 .text.part_test_dos
                0x00000000808157d0       0x40 disk/built-in.o
 .text.part_get_info_extended
                0x0000000080815810      0x1ec disk/built-in.o
 .text.part_get_info_dos
                0x00000000808159fc       0x16 disk/built-in.o
                0x00000000808159fc                part_get_info_dos
 .text.iso_dread
                0x0000000080815a12       0x22 disk/built-in.o
                0x0000000080815a12                iso_dread
 .text.part_get_info_iso_verb
                0x0000000080815a34      0x280 disk/built-in.o
                0x0000000080815a34                part_get_info_iso_verb
 .text.part_test_iso
                0x0000000080815cb4       0x14 disk/built-in.o
 .text.part_print_iso
                0x0000000080815cc8       0x60 disk/built-in.o
 .text.part_get_info_iso
                0x0000000080815d28        0x6 disk/built-in.o
 *fill*         0x0000000080815d2e        0x2 
 .text.print_efiname
                0x0000000080815d30       0x38 disk/built-in.o
 .text.part_test_efi
                0x0000000080815d68       0x76 disk/built-in.o
 *fill*         0x0000000080815dde        0x2 
 .text.set_protective_mbr
                0x0000000080815de0       0xa8 disk/built-in.o
 .text.validate_gpt_entries
                0x0000000080815e88       0x80 disk/built-in.o
 .text.validate_gpt_header
                0x0000000080815f08      0x1a0 disk/built-in.o
 .text.is_gpt_valid
                0x00000000808160a8      0x138 disk/built-in.o
 .text.is_pte_valid
                0x00000000808161e0       0x38 disk/built-in.o
 .text.part_print_efi
                0x0000000080816218      0x1fc disk/built-in.o
                0x0000000080816218                part_print_efi
 .text.part_get_info_efi
                0x0000000080816414      0x174 disk/built-in.o
                0x0000000080816414                part_get_info_efi
 .text.write_gpt_table
                0x0000000080816588      0x2d4 disk/built-in.o
                0x0000000080816588                write_gpt_table
 .text.gpt_fill_pte
                0x000000008081685c      0x224 disk/built-in.o
                0x000000008081685c                gpt_fill_pte
 .text.gpt_fill_header
                0x0000000080816a80      0x180 disk/built-in.o
                0x0000000080816a80                gpt_fill_header
 .text.gpt_restore
                0x0000000080816c00       0xa4 disk/built-in.o
                0x0000000080816c00                gpt_restore
 .text.gpt_verify_headers
                0x0000000080816ca4       0x54 disk/built-in.o
                0x0000000080816ca4                gpt_verify_headers
 .text.gpt_verify_partitions
                0x0000000080816cf8      0x1b8 disk/built-in.o
                0x0000000080816cf8                gpt_verify_partitions
 .text.device_bind_common.isra.0
                0x0000000080816eb0      0x1d4 drivers/built-in.o
 .text.alloc_priv
                0x0000000080817084       0x36 drivers/built-in.o
 .text.device_bind_by_name
                0x00000000808170ba       0x44 drivers/built-in.o
                0x00000000808170ba                device_bind_by_name
 *fill*         0x00000000808170fe        0x2 
 .text.device_probe
                0x0000000080817100      0x134 drivers/built-in.o
                0x0000000080817100                device_probe
 .text.dev_get_platdata
                0x0000000080817234       0x20 drivers/built-in.o
                0x0000000080817234                dev_get_platdata
 .text.dev_get_priv
                0x0000000080817254       0x20 drivers/built-in.o
                0x0000000080817254                dev_get_priv
 .text.dev_get_uclass_priv
                0x0000000080817274       0x20 drivers/built-in.o
                0x0000000080817274                dev_get_uclass_priv
 .text.dev_get_addr
                0x0000000080817294        0x6 drivers/built-in.o
                0x0000000080817294                dev_get_addr
 *fill*         0x000000008081729a        0x2 
 .text.lists_driver_lookup_name
                0x000000008081729c       0x2c drivers/built-in.o
                0x000000008081729c                lists_driver_lookup_name
 .text.lists_uclass_lookup
                0x00000000808172c8       0x24 drivers/built-in.o
                0x00000000808172c8                lists_uclass_lookup
 .text.lists_bind_drivers
                0x00000000808172ec       0x58 drivers/built-in.o
                0x00000000808172ec                lists_bind_drivers
 .text.dm_root  0x0000000080817344       0x1c drivers/built-in.o
                0x0000000080817344                dm_root
 .text.dm_init  0x0000000080817360       0x44 drivers/built-in.o
                0x0000000080817360                dm_init
 .text.dm_remove_devices_flags
                0x00000000808173a4       0x12 drivers/built-in.o
                0x00000000808173a4                dm_remove_devices_flags
 *fill*         0x00000000808173b6        0x2 
 .text.dm_scan_platdata
                0x00000000808173b8       0x20 drivers/built-in.o
                0x00000000808173b8                dm_scan_platdata
 .text.dm_scan_other
                0x00000000808173d8        0x4 drivers/built-in.o
                0x00000000808173d8                dm_scan_other
 .text.dm_init_and_scan
                0x00000000808173dc       0x1e drivers/built-in.o
                0x00000000808173dc                dm_init_and_scan
 .text.uclass_find
                0x00000000808173fa       0x2a drivers/built-in.o
                0x00000000808173fa                uclass_find
 .text.uclass_get
                0x0000000080817424       0xaa drivers/built-in.o
                0x0000000080817424                uclass_get
 .text.uclass_find_device
                0x00000000808174ce       0x40 drivers/built-in.o
                0x00000000808174ce                uclass_find_device